Archive member included to satisfy reference by file (symbol)

/home/cody/Final_Project/lib_projd.a(alarm.o)
                              obj/Debug/main.o (alarm_send)
/home/cody/Final_Project/lib_projd.a(config.o)
                              obj/Debug/main.o (config)
/home/cody/Final_Project/lib_projd.a(delay.o)
                              obj/Debug/main.o (delay_isdone)
/home/cody/Final_Project/lib_projd.a(Dhcp.o)
                              obj/Debug/main.o (dhcp_getLocalIp)
/home/cody/Final_Project/lib_projd.a(eeprom.o)
                              /home/cody/Final_Project/lib_projd.a(config.o) (eeprom_writebuf)
/home/cody/Final_Project/lib_projd.a(led.o)
                              obj/Debug/main.o (led_init)
/home/cody/Final_Project/lib_projd.a(log.o)
                              obj/Debug/main.o (log_init)
/home/cody/Final_Project/lib_projd.a(ntp.o)
                              obj/Debug/main.o (ntp_sync_network_time)
/home/cody/Final_Project/lib_projd.a(rtc.o)
                              obj/Debug/main.o (rtc_init)
/home/cody/Final_Project/lib_projd.a(signature.o)
                              obj/Debug/main.o (signature_set)
/home/cody/Final_Project/lib_projd.a(socket.o)
                              /home/cody/Final_Project/lib_projd.a(alarm.o) (udpsocket_open_multicast)
/home/cody/Final_Project/lib_projd.a(spi.o)
                              obj/Debug/main.o (spi_init)
/home/cody/Final_Project/lib_projd.a(str.o)
                              /home/cody/Final_Project/lib_projd.a(Dhcp.o) (mem_cpy)
/home/cody/Final_Project/lib_projd.a(temp.o)
                              obj/Debug/main.o (temp_init)
/home/cody/Final_Project/lib_projd.a(tempfsm.o)
                              obj/Debug/main.o (tempfsm_init)
/home/cody/Final_Project/lib_projd.a(timer1.o)
                              /home/cody/Final_Project/lib_projd.a(rtc.o) (timer1_init)
/home/cody/Final_Project/lib_projd.a(uart.o)
                              obj/Debug/main.o (uart_init)
/home/cody/Final_Project/lib_projd.a(util.o)
                              /home/cody/Final_Project/lib_projd.a(signature.o) (str_cmp)
/home/cody/Final_Project/lib_projd.a(vpd.o)
                              obj/Debug/main.o (vpd)
/home/cody/Final_Project/lib_projd.a(w5x00.o)
                              obj/Debug/main.o (W5x_config)
/home/cody/Final_Project/lib_projd.a(wdt.o)
                              obj/Debug/main.o (wdt_init)
/home/cody/Final_Project/lib_projd.a(serial.o)
                              /home/cody/Final_Project/lib_projd.a(uart.o) (serial_init)
/usr/lib/gcc/avr/5.4.0/avr5/libgcc.a(_mulsi3.o)
                              /home/cody/Final_Project/lib_projd.a(rtc.o) (__mulsi3)
/usr/lib/gcc/avr/5.4.0/avr5/libgcc.a(_udivmodhi4.o)
                              /home/cody/Final_Project/lib_projd.a(rtc.o) (__udivmodhi4)
/usr/lib/gcc/avr/5.4.0/avr5/libgcc.a(_divmodhi4.o)
                              /home/cody/Final_Project/lib_projd.a(log.o) (__divmodhi4)
/usr/lib/gcc/avr/5.4.0/avr5/libgcc.a(_udivmodsi4.o)
                              /home/cody/Final_Project/lib_projd.a(Dhcp.o) (__udivmodsi4)
/usr/lib/gcc/avr/5.4.0/avr5/libgcc.a(_divmodsi4.o)
                              /home/cody/Final_Project/lib_projd.a(socket.o) (__divmodsi4)
/usr/lib/gcc/avr/5.4.0/avr5/libgcc.a(_negsi2.o)
                              /usr/lib/gcc/avr/5.4.0/avr5/libgcc.a(_divmodsi4.o) (__negsi2)
/usr/lib/gcc/avr/5.4.0/avr5/libgcc.a(_exit.o)
                              /usr/lib/gcc/avr/5.4.0/../../../avr/lib/avr5/crtatmega328p.o (exit)
/usr/lib/gcc/avr/5.4.0/avr5/libgcc.a(_tablejump2.o)
                              /home/cody/Final_Project/lib_projd.a(tempfsm.o) (__tablejump2__)
/usr/lib/gcc/avr/5.4.0/avr5/libgcc.a(_copy_data.o)
                              obj/Debug/main.o (__do_copy_data)
/usr/lib/gcc/avr/5.4.0/avr5/libgcc.a(_clear_bss.o)
                              obj/Debug/main.o (__do_clear_bss)
/usr/lib/gcc/avr/5.4.0/avr5/libgcc.a(_bswapsi2.o)
                              /home/cody/Final_Project/lib_projd.a(Dhcp.o) (__bswapsi2)
/usr/lib/gcc/avr/5.4.0/avr5/libgcc.a(_umulhisi3.o)
                              /home/cody/Final_Project/lib_projd.a(rtc.o) (__umulhisi3)
/usr/lib/gcc/avr/5.4.0/avr5/libgcc.a(_muluhisi3.o)
                              /home/cody/Final_Project/lib_projd.a(rtc.o) (__muluhisi3)

Allocating common symbols
Common symbol       size              file

rxbuf               0x40              /home/cody/Final_Project/lib_projd.a(serial.o)
write_busy          0x1               /home/cody/Final_Project/lib_projd.a(eeprom.o)
vpd                 0x37              /home/cody/Final_Project/lib_projd.a(vpd.o)
writeaddr           0x2               /home/cody/Final_Project/lib_projd.a(eeprom.o)
rtc_base            0x4               /home/cody/Final_Project/lib_projd.a(rtc.o)
writesize           0x1               /home/cody/Final_Project/lib_projd.a(eeprom.o)
[...]
Memory Configuration

Name             Origin             Length             Attributes
text             0x0000000000000000 0x0000000000020000 xr
data             0x0000000000800060 0x000000000000ffa0 rw !x
eeprom           0x0000000000810000 0x0000000000010000 rw !x
fuse             0x0000000000820000 0x0000000000000003 rw !x
lock             0x0000000000830000 0x0000000000000400 rw !x
signature        0x0000000000840000 0x0000000000000400 rw !x
user_signatures  0x0000000000850000 0x0000000000000400 rw !x
*default*        0x0000000000000000 0xffffffffffffffff

Linker script and memory map

Address of section .data set to 0x800100
LOAD /usr/lib/gcc/avr/5.4.0/../../../avr/lib/avr5/crtatmega328p.o
LOAD obj/Debug/main.o
LOAD /home/cody/Final_Project/lib_projd.a
LOAD /usr/lib/gcc/avr/5.4.0/avr5/libgcc.a
LOAD /usr/lib/gcc/avr/5.4.0/../../../avr/lib/avr5/libm.a
START GROUP
LOAD /usr/lib/gcc/avr/5.4.0/avr5/libgcc.a
LOAD /usr/lib/gcc/avr/5.4.0/../../../avr/lib/avr5/libm.a
LOAD /usr/lib/gcc/avr/5.4.0/../../../avr/lib/avr5/libc.a
LOAD /usr/lib/gcc/avr/5.4.0/../../../avr/lib/avr5/libatmega328p.a
END GROUP
                0x0000000000020000                __TEXT_REGION_LENGTH__ = DEFINED (__TEXT_REGION_LENGTH__)?__TEXT_REGION_LENGTH__:0x20000
                0x000000000000ffa0                __DATA_REGION_LENGTH__ = DEFINED (__DATA_REGION_LENGTH__)?__DATA_REGION_LENGTH__:0xffa0
                0x0000000000010000                __EEPROM_REGION_LENGTH__ = DEFINED (__EEPROM_REGION_LENGTH__)?__EEPROM_REGION_LENGTH__:0x10000
                [0x0000000000000003]                __FUSE_REGION_LENGTH__ = DEFINED (__FUSE_REGION_LENGTH__)?__FUSE_REGION_LENGTH__:0x400
                0x0000000000000400                __LOCK_REGION_LENGTH__ = DEFINED (__LOCK_REGION_LENGTH__)?__LOCK_REGION_LENGTH__:0x400
                0x0000000000000400                __SIGNATURE_REGION_LENGTH__ = DEFINED (__SIGNATURE_REGION_LENGTH__)?__SIGNATURE_REGION_LENGTH__:0x400
                0x0000000000000400                __USER_SIGNATURE_REGION_LENGTH__ = DEFINED (__USER_SIGNATURE_REGION_LENGTH__)?__USER_SIGNATURE_REGION_LENGTH__:0x400

.hash
 *(.hash)

.dynsym
 *(.dynsym)

.dynstr
 *(.dynstr)

.gnu.version
 *(.gnu.version)

.gnu.version_d
 *(.gnu.version_d)

.gnu.version_r
 *(.gnu.version_r)

.rel.init
 *(.rel.init)

.rela.init
 *(.rela.init)

.rel.text
 *(.rel.text)
 *(.rel.text.*)
 *(.rel.gnu.linkonce.t*)

.rela.text
 *(.rela.text)
 *(.rela.text.*)
 *(.rela.gnu.linkonce.t*)

.rel.fini
 *(.rel.fini)

.rela.fini
 *(.rela.fini)

.rel.rodata
 *(.rel.rodata)
 *(.rel.rodata.*)
 *(.rel.gnu.linkonce.r*)

.rela.rodata
 *(.rela.rodata)
 *(.rela.rodata.*)
 *(.rela.gnu.linkonce.r*)

.rel.data
 *(.rel.data)
 *(.rel.data.*)
 *(.rel.gnu.linkonce.d*)

.rela.data
 *(.rela.data)
 *(.rela.data.*)
 *(.rela.gnu.linkonce.d*)

.rel.ctors
 *(.rel.ctors)

.rela.ctors
 *(.rela.ctors)

.rel.dtors
 *(.rel.dtors)

.rela.dtors
 *(.rela.dtors)

.rel.got
 *(.rel.got)

.rela.got
 *(.rela.got)

.rel.bss
 *(.rel.bss)

.rela.bss
 *(.rela.bss)

.rel.plt
 *(.rel.plt)

.rela.plt
 *(.rela.plt)

.text           0x0000000000000000     0x4cce
 *(.vectors)
 .vectors       0x0000000000000000       0x68 /usr/lib/gcc/avr/5.4.0/../../../avr/lib/avr5/crtatmega328p.o
                0x0000000000000000                __vectors
                0x0000000000000000                __vector_default
 *(.vectors)
 *(.progmem.gcc*)
 .progmem.gcc_sw_table
                0x0000000000000068       0x12 /home/cody/Final_Project/lib_projd.a(tempfsm.o)
                0x000000000000007a                . = ALIGN (0x2)
                0x000000000000007a                __trampolines_start = .
 *(.trampolines)
 .trampolines   0x000000000000007a        0x0 linker stubs
 *(.trampolines*)
                0x000000000000007a                __trampolines_end = .
 *libprintf_flt.a:*(.progmem.data)
 *libc.a:*(.progmem.data)
 *(.progmem*)
                0x000000000000007a                . = ALIGN (0x2)
 *(.jumptables)
 *(.jumptables*)
 *(.lowtext)
 *(.lowtext*)
                0x000000000000007a                __ctors_start = .
 *(.ctors)
                0x000000000000007a                __ctors_end = .
                0x000000000000007a                __dtors_start = .
 *(.dtors)
                0x000000000000007a                __dtors_end = .
 SORT(*)(.ctors)
 SORT(*)(.dtors)
 *(.init0)
 .init0         0x000000000000007a        0x0 /usr/lib/gcc/avr/5.4.0/../../../avr/lib/avr5/crtatmega328p.o
                0x000000000000007a                __init
 *(.init0)
 *(.init1)
 *(.init1)
 *(.init2)
 .init2         0x000000000000007a        0xc /usr/lib/gcc/avr/5.4.0/../../../avr/lib/avr5/crtatmega328p.o
 *(.init2)
 *(.init3)
 *(.init3)
 *(.init4)
 .init4         0x0000000000000086       0x16 /usr/lib/gcc/avr/5.4.0/avr5/libgcc.a(_copy_data.o)
                0x0000000000000086                __do_copy_data
 .init4         0x000000000000009c       0x10 /usr/lib/gcc/avr/5.4.0/avr5/libgcc.a(_clear_bss.o)
                0x000000000000009c                __do_clear_bss
 *(.init4)
 *(.init5)
 *(.init5)
 *(.init6)
 *(.init6)
 *(.init7)
 *(.init7)
 *(.init8)
 *(.init8)
 *(.init9)
 .init9         0x00000000000000ac        0x8 /usr/lib/gcc/avr/5.4.0/../../../avr/lib/avr5/crtatmega328p.o
 *(.init9)
 *(.text)
 .text          0x00000000000000b4        0x4 /usr/lib/gcc/avr/5.4.0/../../../avr/lib/avr5/crtatmega328p.o
                0x00000000000000b4                __vector_1
                0x00000000000000b4                __vector_24
                0x00000000000000b4                __vector_12
                0x00000000000000b4                __bad_interrupt
                0x00000000000000b4                __vector_3
                0x00000000000000b4                __vector_23
                0x00000000000000b4                __vector_25
                0x00000000000000b4                __vector_13
                0x00000000000000b4                __vector_17
                0x00000000000000b4                __vector_7
                0x00000000000000b4                __vector_5
                0x00000000000000b4                __vector_4
                0x00000000000000b4                __vector_9
                0x00000000000000b4                __vector_2
                0x00000000000000b4                __vector_21
                0x00000000000000b4                __vector_15
                0x00000000000000b4                __vector_8
                0x00000000000000b4                __vector_10
                0x00000000000000b4                __vector_16
                0x00000000000000b4                __vector_20
 .text          0x00000000000000b8      0x6b2 obj/Debug/main.o
                0x00000000000000b8                main
                0x00000000000002e6                getCall
                0x0000000000000626                putCall
                0x000000000000063e                deleteCall
                0x0000000000000656                parseRecvBuffer
 .text          0x000000000000076a      0x18c /home/cody/Final_Project/lib_projd.a(alarm.o)
                0x000000000000076a                alarm_init
                0x000000000000076c                alarm_send
 .text          0x00000000000008f6       0xf0 /home/cody/Final_Project/lib_projd.a(config.o)
                0x00000000000008f6                config_set_modified
                0x00000000000008fe                config_is_data_valid
                0x000000000000093e                config_write_defaults
                0x0000000000000958                config_init
                0x000000000000098e                config_update
                0x00000000000009be                config_update_noisr
 .text          0x00000000000009e6      0x19e /home/cody/Final_Project/lib_projd.a(delay.o)
                0x00000000000009e6                __vector_14
                0x0000000000000a88                delay_init
                0x0000000000000aac                delay_get
                0x0000000000000acc                delay_isdone
                0x0000000000000afe                delay_set
                0x0000000000000b52                millis
 .text          0x0000000000000b84      0xbfc /home/cody/Final_Project/lib_projd.a(Dhcp.o)
                0x0000000000000b84                dhcp_getLocalIp
                0x0000000000000b8a                dhcp_getSubnetMask
                0x0000000000000b90                dhcp_getGatewayIp
                0x0000000000000b96                dhcp_getDhcpServerIp
                0x0000000000000b9c                dhcp_getDnsServerIp
                0x0000000000000ba2                _ZN9DhcpClass16reset_DHCP_leaseEv
                0x0000000000000bae                _ZN9DhcpClass12presend_DHCPEv
                0x0000000000000bb0                _ZN9DhcpClass17parseDHCPResponseEmRm
                0x0000000000000fe6                _ZN9DhcpClass10getLocalIpEv
                0x0000000000000fea                _ZN9DhcpClass13getSubnetMaskEv
                0x0000000000000fee                _ZN9DhcpClass12getGatewayIpEv
                0x0000000000000ff2                _ZN9DhcpClass15getDhcpServerIpEv
                0x0000000000000ff6                _ZN9DhcpClass14getDnsServerIpEv
                0x0000000000000ffa                _ZN9DhcpClass9printByteEPch
                0x0000000000001024                _ZN9DhcpClass17send_DHCP_MESSAGEEhj
                0x00000000000012a0                _ZN9DhcpClass18request_DHCP_leaseEv
                0x000000000000159c                _ZN9DhcpClass13beginWithDHCPEPhmm
                0x000000000000161a                dhcp_start
                0x000000000000163e                _ZN9DhcpClass10checkLeaseEv
                0x0000000000001778                dhcp_checkLease
 .text          0x0000000000001780      0x12c /home/cody/Final_Project/lib_projd.a(eeprom.o)
                0x0000000000001780                eeprom_startwrite
                0x0000000000001786                __vector_22
                0x0000000000001812                eeprom_writebuf
                0x000000000000184c                eeprom_writebuf_noisr
                0x000000000000187a                eeprom_readbuf
                0x00000000000018a4                eeprom_isbusy
 .text          0x00000000000018ac       0xfc /home/cody/Final_Project/lib_projd.a(led.o)
                0x00000000000018ac                led_init
                0x00000000000018be                led_on
                0x00000000000018c2                led_off
                0x00000000000018c6                led_set_blink
                0x00000000000018ea                led_update
                0x000000000000199e                led_is_on
 .text          0x00000000000019a8      0x43c /home/cody/Final_Project/lib_projd.a(log.o)
                0x00000000000019a8                log_is_data_valid
                0x00000000000019f4                log_init
                0x0000000000001b7e                log_update
                0x0000000000001bea                log_update_noisr
                0x0000000000001c4e                log_add_record
                0x0000000000001cf0                log_clear
                0x0000000000001d2a                log_get_num_entries
                0x0000000000001d5c                log_get_record
 .text          0x0000000000001de4      0x1be /home/cody/Final_Project/lib_projd.a(ntp.o)
                0x0000000000001de4                ntp_sync_network_time
 .text          0x0000000000001fa2      0x5d8 /home/cody/Final_Project/lib_projd.a(rtc.o)
                0x0000000000001fa2                rtc_init
                0x0000000000001fa6                rtc_get_date
                0x0000000000001faa                rtc_set_date
                0x0000000000001fbe                is_leapyear
                0x0000000000001ff2                rtc_set_by_datestr
                0x00000000000022bc                get_month
                0x000000000000234c                rtc_num2datestr
                0x0000000000002552                rtc_get_date_string
 .text          0x000000000000257a       0xea /home/cody/Final_Project/lib_projd.a(signature.o)
                0x000000000000257a                signature_set
                0x0000000000002642                check_for_test_start
 .text          0x0000000000002664      0xb78 /home/cody/Final_Project/lib_projd.a(socket.o)
                0x0000000000002664                udpsocket_open_multicast
                0x00000000000026ea                udpsocket_is_open
                0x00000000000026fa                socket_is_active
                0x0000000000002716                socket_is_listening
                0x0000000000002726                socket_is_established
                0x0000000000002736                socket_is_closed
                0x0000000000002744                udpsocket_is_closed
                0x0000000000002748                socket_close
                0x00000000000027ae                udpsocket_open
                0x00000000000027b6                socket_open
                0x00000000000027be                udpsocket_close
                0x00000000000027c2                socket_listen
                0x00000000000027e0                socket_connect
                0x0000000000002848                socket_disconnect
                0x000000000000284e                socket_send
                0x00000000000028da                socket_recv
                0x000000000000294e                socket_recv_available
                0x0000000000002952                udpsocket_recv_available
                0x0000000000002956                socket_peek
                0x0000000000002966                udpsocket_sendto
                0x0000000000002a0a                udpsocket_recv_data
                0x0000000000002a4c                udpsocket_recvfrom
                0x0000000000002b9e                socket_igmpsend
                0x0000000000002bfc                udpsocket_add_to_datagram
                0x0000000000002c42                socket_writestr
                0x0000000000002c62                socket_writechar
                0x0000000000002c84                socket_writequotedstring
                0x0000000000002caa                socket_writedate
                0x0000000000002cc4                socket_writehex8
                0x0000000000002d00                socket_write_macaddress
                0x0000000000002d52                socket_writehex16
                0x0000000000002d6c                socket_writedec32
                0x0000000000002e92                udpsocket_start_datagram
                0x0000000000002edc                udpsocket_send_datagram
                0x0000000000002f18                socket_received_line
                0x0000000000002f74                socket_is_blank_line
                0x0000000000002fb8                socket_recv_compare
                0x0000000000003064                socket_flush_line
                0x00000000000030f6                socket_recv_int
 .text          0x00000000000031dc       0x5c /home/cody/Final_Project/lib_projd.a(spi.o)
                0x00000000000031dc                spi_init
                0x0000000000003200                spi_is_locked
                0x0000000000003206                spi_begin_transfer
                0x0000000000003222                spi_transfer
                0x0000000000003230                spi_end_transfer
 .text          0x0000000000003238      0x144 /home/cody/Final_Project/lib_projd.a(str.o)
                0x0000000000003238                mem_cpy
                0x0000000000003250                mem_set
                0x0000000000003264                mem_cmp
                0x0000000000003292                str_cpy
                0x00000000000032a6                str_len
                0x00000000000032b8                str_writeudec16
 .text          0x000000000000337c       0x6e /home/cody/Final_Project/lib_projd.a(temp.o)
                0x000000000000337c                temp_init
                0x000000000000338a                temp_is_data_ready
                0x00000000000033a0                temp_start
                0x00000000000033ac                temp_get
 .text          0x00000000000033ea      0x170 /home/cody/Final_Project/lib_projd.a(tempfsm.o)
                0x00000000000033ea                tempfsm_init
                0x00000000000033ec                tempfsm_update
                0x0000000000003550                tempfsm_reset
 .text          0x000000000000355a       0x9a /home/cody/Final_Project/lib_projd.a(timer1.o)
                0x000000000000355a                __vector_11
                0x00000000000035a4                timer1_init
                0x00000000000035c4                timer1_get
                0x00000000000035dc                timer1_clear
 .text          0x00000000000035f4      0x23c /home/cody/Final_Project/lib_projd.a(uart.o)
                0x00000000000035f4                uart_init
                0x00000000000035fc                uart_writechar
                0x0000000000003600                uart_writestr
                0x0000000000003618                uart_writehex8
                0x000000000000364a                uart_writehex16
                0x000000000000365c                uart_writedec32
                0x0000000000003784                uart_is_connected
                0x0000000000003788                uart_is_packet_available
                0x000000000000378c                uart_readpacket
                0x00000000000037ec                uart_writeip
 .text          0x0000000000003830      0x214 /home/cody/Final_Project/lib_projd.a(util.o)
                0x0000000000003830                str_cmp
                0x0000000000003866                update_checksum
                0x000000000000388e                random_seed
                0x00000000000038c4                random
                0x00000000000039c6                strtoi
 .text          0x0000000000003a44       0xc6 /home/cody/Final_Project/lib_projd.a(vpd.o)
                0x0000000000003a44                vpd_is_data_valid
                0x0000000000003a84                vpd_write_defaults
                0x0000000000003ad8                vpd_init
 .text          0x0000000000003b0a      0xbfe /home/cody/Final_Project/lib_projd.a(w5x00.o)
                0x0000000000003b0a                W5x_writebuf
                0x0000000000003c10                W5x_write
                0x0000000000003c32                W5x_config
                0x0000000000003dce                W5x_readbuf
                0x0000000000003ed8                W5x_read
                0x0000000000003efa                W5x_readSn
                0x0000000000003f0a                W5x_writeSn
                0x0000000000003f20                W5x_readbufSn
                0x0000000000003f36                W5x_writebufSn
                0x0000000000003f4c                W5x_read_data
                0x0000000000003fd2                W5x_writeMR
                0x0000000000003fdc                W5x_readMR
                0x0000000000003fe4                isW5100
                0x000000000000405a                isW5500
                0x00000000000040d0                W5x_init
                0x00000000000040de                W5x_writebufGAR
                0x00000000000040ec                W5x_readbufGAR
                0x00000000000040fa                W5x_writebufSUBR
                0x0000000000004108                W5x_readbufSUBR
                0x0000000000004116                W5x_writebufSHAR
                0x0000000000004124                W5x_readbufSHAR
                0x0000000000004132                W5x_writebufSIPR
                0x0000000000004140                W5x_readbufSIPR
                0x000000000000414e                W5x_writeIR
                0x0000000000004158                W5x_readIR
                0x0000000000004160                W5x_writeRTR
                0x000000000000417a                W5x_readRTR
                0x00000000000041a4                W5x_writebufUIPR
                0x00000000000041b2                W5x_readbufUIPR
                0x00000000000041c0                W5x_writeUPORT
                0x00000000000041da                W5x_readUPORT
                0x0000000000004204                W5x_writeSnMR
                0x000000000000420e                W5x_readSnMR
                0x0000000000004216                W5x_writeSnCR
                0x0000000000004220                W5x_readSnCR
                0x0000000000004228                W5x_execCmdSn
                0x000000000000423e                W5x_writeSnIR
                0x0000000000004248                W5x_readSnIR
                0x0000000000004250                W5x_writeSnSR
                0x000000000000425a                W5x_readSnSR
                0x0000000000004262                W5x_writeSnPORT
                0x0000000000004284                W5x_readSnPORT
                0x00000000000042b4                W5x_writeSnDHAR
                0x00000000000042c2                W5x_readSnDHAR
                0x00000000000042d0                W5x_writeSnDIPR
                0x00000000000042de                W5x_readSnDIPR
                0x00000000000042ec                W5x_writeSnDPORT
                0x000000000000430e                W5x_readSnDPORT
                0x000000000000433e                W5x_writeSnMSSR
                0x0000000000004360                W5x_readSnMSSR
                0x0000000000004390                W5x_writeSnTX_FSR
                0x00000000000043b2                W5x_readSnTX_FSR
                0x00000000000043e2                W5x_getTXFreeSize
                0x000000000000441a                W5x_writeSnTX_RD
                0x000000000000443c                W5x_readSnTX_RD
                0x000000000000446c                W5x_writeSnTX_WR
                0x000000000000448e                W5x_send_data_processing_offset
                0x0000000000004524                W5x_send_data_processing
                0x0000000000004530                W5x_readSnTX_WR
                0x0000000000004560                W5x_writeSnRX_RSR
                0x0000000000004582                W5x_readSnRX_RSR
                0x00000000000045b2                W5x_getRXReceivedSize
                0x00000000000045ea                W5x_writeSnRX_RD
                0x000000000000460c                W5x_readSnRX_RD
                0x000000000000463c                W5x_recv_data_processing_offset
                0x00000000000046a6                W5x_recv_data_processing
                0x00000000000046b6                W5x_writeSnRX_WR
                0x00000000000046d8                W5x_readSnRX_WR
 .text          0x0000000000004708       0x46 /home/cody/Final_Project/lib_projd.a(wdt.o)
                0x0000000000004708                __vector_6
                0x0000000000004726                wdt_init
                0x000000000000473e                wdt_reset
                0x0000000000004742                wdt_force_restart
 .text          0x000000000000474e      0x43c /home/cody/Final_Project/lib_projd.a(serial.o)
                0x000000000000474e                serial_init
                0x0000000000004774                __vector_18
                0x00000000000049c4                __vector_19
                0x0000000000004a2a                serial_rxchars
                0x0000000000004a38                serial_popchar
                0x0000000000004a82                serial_isconnected
                0x0000000000004ad0                serial_is_packet_ready
                0x0000000000004ad6                serial_writechar
                0x0000000000004b36                serial_writestr
                0x0000000000004b60                serial_writestr_P
 .text          0x0000000000004b8a        0x0 /usr/lib/gcc/avr/5.4.0/avr5/libgcc.a(_mulsi3.o)
 .text          0x0000000000004b8a        0x0 /usr/lib/gcc/avr/5.4.0/avr5/libgcc.a(_udivmodhi4.o)
 .text          0x0000000000004b8a        0x0 /usr/lib/gcc/avr/5.4.0/avr5/libgcc.a(_divmodhi4.o)
 .text          0x0000000000004b8a        0x0 /usr/lib/gcc/avr/5.4.0/avr5/libgcc.a(_udivmodsi4.o)
 .text          0x0000000000004b8a        0x0 /usr/lib/gcc/avr/5.4.0/avr5/libgcc.a(_divmodsi4.o)
 .text          0x0000000000004b8a        0x0 /usr/lib/gcc/avr/5.4.0/avr5/libgcc.a(_negsi2.o)
 .text          0x0000000000004b8a        0x0 /usr/lib/gcc/avr/5.4.0/avr5/libgcc.a(_exit.o)
 .text          0x0000000000004b8a        0x0 /usr/lib/gcc/avr/5.4.0/avr5/libgcc.a(_tablejump2.o)
 .text          0x0000000000004b8a        0x0 /usr/lib/gcc/avr/5.4.0/avr5/libgcc.a(_copy_data.o)
 .text          0x0000000000004b8a        0x0 /usr/lib/gcc/avr/5.4.0/avr5/libgcc.a(_clear_bss.o)
 .text          0x0000000000004b8a        0x0 /usr/lib/gcc/avr/5.4.0/avr5/libgcc.a(_bswapsi2.o)
 .text          0x0000000000004b8a        0x0 /usr/lib/gcc/avr/5.4.0/avr5/libgcc.a(_umulhisi3.o)
 .text          0x0000000000004b8a        0x0 /usr/lib/gcc/avr/5.4.0/avr5/libgcc.a(_muluhisi3.o)
                0x0000000000004b8a                . = ALIGN (0x2)
 *(.text.*)
 .text.libgcc.mul
                0x0000000000004b8a       0x20 /usr/lib/gcc/avr/5.4.0/avr5/libgcc.a(_mulsi3.o)
                0x0000000000004b8a                __mulsi3
 .text.libgcc.div
                0x0000000000004baa        0x0 /usr/lib/gcc/avr/5.4.0/avr5/libgcc.a(_mulsi3.o)
 .text.libgcc   0x0000000000004baa        0x0 /usr/lib/gcc/avr/5.4.0/avr5/libgcc.a(_mulsi3.o)
 .text.libgcc.prologue
                0x0000000000004baa        0x0 /usr/lib/gcc/avr/5.4.0/avr5/libgcc.a(_mulsi3.o)
 .text.libgcc.builtins
                0x0000000000004baa        0x0 /usr/lib/gcc/avr/5.4.0/avr5/libgcc.a(_mulsi3.o)
 .text.libgcc.fmul
                0x0000000000004baa        0x0 /usr/lib/gcc/avr/5.4.0/avr5/libgcc.a(_mulsi3.o)
 .text.libgcc.fixed
                0x0000000000004baa        0x0 /usr/lib/gcc/avr/5.4.0/avr5/libgcc.a(_mulsi3.o)
 .text.libgcc.mul
                0x0000000000004baa        0x0 /usr/lib/gcc/avr/5.4.0/avr5/libgcc.a(_udivmodhi4.o)
 .text.libgcc.div
                0x0000000000004baa       0x28 /usr/lib/gcc/avr/5.4.0/avr5/libgcc.a(_udivmodhi4.o)
                0x0000000000004baa                __udivmodhi4
 .text.libgcc   0x0000000000004bd2        0x0 /usr/lib/gcc/avr/5.4.0/avr5/libgcc.a(_udivmodhi4.o)
 .text.libgcc.prologue
                0x0000000000004bd2        0x0 /usr/lib/gcc/avr/5.4.0/avr5/libgcc.a(_udivmodhi4.o)
 .text.libgcc.builtins
                0x0000000000004bd2        0x0 /usr/lib/gcc/avr/5.4.0/avr5/libgcc.a(_udivmodhi4.o)
 .text.libgcc.fmul
                0x0000000000004bd2        0x0 /usr/lib/gcc/avr/5.4.0/avr5/libgcc.a(_udivmodhi4.o)
 .text.libgcc.fixed
                0x0000000000004bd2        0x0 /usr/lib/gcc/avr/5.4.0/avr5/libgcc.a(_udivmodhi4.o)
 .text.libgcc.mul
                0x0000000000004bd2        0x0 /usr/lib/gcc/avr/5.4.0/avr5/libgcc.a(_divmodhi4.o)
 .text.libgcc.div
                0x0000000000004bd2       0x28 /usr/lib/gcc/avr/5.4.0/avr5/libgcc.a(_divmodhi4.o)
                0x0000000000004bd2                __divmodhi4
                0x0000000000004bd2                _div
 .text.libgcc   0x0000000000004bfa        0x0 /usr/lib/gcc/avr/5.4.0/avr5/libgcc.a(_divmodhi4.o)
 .text.libgcc.prologue
                0x0000000000004bfa        0x0 /usr/lib/gcc/avr/5.4.0/avr5/libgcc.a(_divmodhi4.o)
 .text.libgcc.builtins
                0x0000000000004bfa        0x0 /usr/lib/gcc/avr/5.4.0/avr5/libgcc.a(_divmodhi4.o)
 .text.libgcc.fmul
                0x0000000000004bfa        0x0 /usr/lib/gcc/avr/5.4.0/avr5/libgcc.a(_divmodhi4.o)
 .text.libgcc.fixed
                0x0000000000004bfa        0x0 /usr/lib/gcc/avr/5.4.0/avr5/libgcc.a(_divmodhi4.o)
 .text.libgcc.mul
                0x0000000000004bfa        0x0 /usr/lib/gcc/avr/5.4.0/avr5/libgcc.a(_udivmodsi4.o)
 .text.libgcc.div
                0x0000000000004bfa       0x44 /usr/lib/gcc/avr/5.4.0/avr5/libgcc.a(_udivmodsi4.o)
                0x0000000000004bfa                __udivmodsi4
 .text.libgcc   0x0000000000004c3e        0x0 /usr/lib/gcc/avr/5.4.0/avr5/libgcc.a(_udivmodsi4.o)
 .text.libgcc.prologue
                0x0000000000004c3e        0x0 /usr/lib/gcc/avr/5.4.0/avr5/libgcc.a(_udivmodsi4.o)
 .text.libgcc.builtins
                0x0000000000004c3e        0x0 /usr/lib/gcc/avr/5.4.0/avr5/libgcc.a(_udivmodsi4.o)
 .text.libgcc.fmul
                0x0000000000004c3e        0x0 /usr/lib/gcc/avr/5.4.0/avr5/libgcc.a(_udivmodsi4.o)
 .text.libgcc.fixed
                0x0000000000004c3e        0x0 /usr/lib/gcc/avr/5.4.0/avr5/libgcc.a(_udivmodsi4.o)
 .text.libgcc.mul
                0x0000000000004c3e        0x0 /usr/lib/gcc/avr/5.4.0/avr5/libgcc.a(_divmodsi4.o)
 .text.libgcc.div
                0x0000000000004c3e       0x2e /usr/lib/gcc/avr/5.4.0/avr5/libgcc.a(_divmodsi4.o)
                0x0000000000004c3e                __divmodsi4
 .text.libgcc   0x0000000000004c6c        0x0 /usr/lib/gcc/avr/5.4.0/avr5/libgcc.a(_divmodsi4.o)
 .text.libgcc.prologue
                0x0000000000004c6c        0x0 /usr/lib/gcc/avr/5.4.0/avr5/libgcc.a(_divmodsi4.o)
 .text.libgcc.builtins
                0x0000000000004c6c        0x0 /usr/lib/gcc/avr/5.4.0/avr5/libgcc.a(_divmodsi4.o)
 .text.libgcc.fmul
                0x0000000000004c6c        0x0 /usr/lib/gcc/avr/5.4.0/avr5/libgcc.a(_divmodsi4.o)
 .text.libgcc.fixed
                0x0000000000004c6c        0x0 /usr/lib/gcc/avr/5.4.0/avr5/libgcc.a(_divmodsi4.o)
 .text.libgcc.mul
                0x0000000000004c6c        0x0 /usr/lib/gcc/avr/5.4.0/avr5/libgcc.a(_negsi2.o)
 .text.libgcc.div
                0x0000000000004c6c       0x10 /usr/lib/gcc/avr/5.4.0/avr5/libgcc.a(_negsi2.o)
                0x0000000000004c6c                __negsi2
 .text.libgcc   0x0000000000004c7c        0x0 /usr/lib/gcc/avr/5.4.0/avr5/libgcc.a(_negsi2.o)
 .text.libgcc.prologue
                0x0000000000004c7c        0x0 /usr/lib/gcc/avr/5.4.0/avr5/libgcc.a(_negsi2.o)
 .text.libgcc.builtins
                0x0000000000004c7c        0x0 /usr/lib/gcc/avr/5.4.0/avr5/libgcc.a(_negsi2.o)
 .text.libgcc.fmul
                0x0000000000004c7c        0x0 /usr/lib/gcc/avr/5.4.0/avr5/libgcc.a(_negsi2.o)
 .text.libgcc.fixed
                0x0000000000004c7c        0x0 /usr/lib/gcc/avr/5.4.0/avr5/libgcc.a(_negsi2.o)
 .text.libgcc.mul
                0x0000000000004c7c        0x0 /usr/lib/gcc/avr/5.4.0/avr5/libgcc.a(_exit.o)
 .text.libgcc.div
                0x0000000000004c7c        0x0 /usr/lib/gcc/avr/5.4.0/avr5/libgcc.a(_exit.o)
 .text.libgcc   0x0000000000004c7c        0x0 /usr/lib/gcc/avr/5.4.0/avr5/libgcc.a(_exit.o)
 .text.libgcc.prologue
                0x0000000000004c7c        0x0 /usr/lib/gcc/avr/5.4.0/avr5/libgcc.a(_exit.o)
 .text.libgcc.builtins
                0x0000000000004c7c        0x0 /usr/lib/gcc/avr/5.4.0/avr5/libgcc.a(_exit.o)
 .text.libgcc.fmul
                0x0000000000004c7c        0x0 /usr/lib/gcc/avr/5.4.0/avr5/libgcc.a(_exit.o)
 .text.libgcc.fixed
                0x0000000000004c7c        0x0 /usr/lib/gcc/avr/5.4.0/avr5/libgcc.a(_exit.o)
 .text.libgcc.mul
                0x0000000000004c7c        0x0 /usr/lib/gcc/avr/5.4.0/avr5/libgcc.a(_tablejump2.o)
 .text.libgcc.div
                0x0000000000004c7c        0x0 /usr/lib/gcc/avr/5.4.0/avr5/libgcc.a(_tablejump2.o)
 .text.libgcc   0x0000000000004c7c        0xc /usr/lib/gcc/avr/5.4.0/avr5/libgcc.a(_tablejump2.o)
                0x0000000000004c7c                __tablejump2__
 .text.libgcc.prologue
                0x0000000000004c88        0x0 /usr/lib/gcc/avr/5.4.0/avr5/libgcc.a(_tablejump2.o)
 .text.libgcc.builtins
                0x0000000000004c88        0x0 /usr/lib/gcc/avr/5.4.0/avr5/libgcc.a(_tablejump2.o)
 .text.libgcc.fmul
                0x0000000000004c88        0x0 /usr/lib/gcc/avr/5.4.0/avr5/libgcc.a(_tablejump2.o)
 .text.libgcc.fixed
                0x0000000000004c88        0x0 /usr/lib/gcc/avr/5.4.0/avr5/libgcc.a(_tablejump2.o)
 .text.libgcc.mul
                0x0000000000004c88        0x0 /usr/lib/gcc/avr/5.4.0/avr5/libgcc.a(_copy_data.o)
 .text.libgcc.div
                0x0000000000004c88        0x0 /usr/lib/gcc/avr/5.4.0/avr5/libgcc.a(_copy_data.o)
 .text.libgcc   0x0000000000004c88        0x0 /usr/lib/gcc/avr/5.4.0/avr5/libgcc.a(_copy_data.o)
 .text.libgcc.prologue
                0x0000000000004c88        0x0 /usr/lib/gcc/avr/5.4.0/avr5/libgcc.a(_copy_data.o)
 .text.libgcc.builtins
                0x0000000000004c88        0x0 /usr/lib/gcc/avr/5.4.0/avr5/libgcc.a(_copy_data.o)
 .text.libgcc.fmul
                0x0000000000004c88        0x0 /usr/lib/gcc/avr/5.4.0/avr5/libgcc.a(_copy_data.o)
 .text.libgcc.fixed
                0x0000000000004c88        0x0 /usr/lib/gcc/avr/5.4.0/avr5/libgcc.a(_copy_data.o)
 .text.libgcc.mul
                0x0000000000004c88        0x0 /usr/lib/gcc/avr/5.4.0/avr5/libgcc.a(_clear_bss.o)
 .text.libgcc.div
                0x0000000000004c88        0x0 /usr/lib/gcc/avr/5.4.0/avr5/libgcc.a(_clear_bss.o)
 .text.libgcc   0x0000000000004c88        0x0 /usr/lib/gcc/avr/5.4.0/avr5/libgcc.a(_clear_bss.o)
 .text.libgcc.prologue
                0x0000000000004c88        0x0 /usr/lib/gcc/avr/5.4.0/avr5/libgcc.a(_clear_bss.o)
 .text.libgcc.builtins
                0x0000000000004c88        0x0 /usr/lib/gcc/avr/5.4.0/avr5/libgcc.a(_clear_bss.o)
 .text.libgcc.fmul
                0x0000000000004c88        0x0 /usr/lib/gcc/avr/5.4.0/avr5/libgcc.a(_clear_bss.o)
 .text.libgcc.fixed
                0x0000000000004c88        0x0 /usr/lib/gcc/avr/5.4.0/avr5/libgcc.a(_clear_bss.o)
 .text.libgcc.mul
                0x0000000000004c88        0x0 /usr/lib/gcc/avr/5.4.0/avr5/libgcc.a(_bswapsi2.o)
 .text.libgcc.div
                0x0000000000004c88        0x0 /usr/lib/gcc/avr/5.4.0/avr5/libgcc.a(_bswapsi2.o)
 .text.libgcc   0x0000000000004c88        0x0 /usr/lib/gcc/avr/5.4.0/avr5/libgcc.a(_bswapsi2.o)
 .text.libgcc.prologue
                0x0000000000004c88        0x0 /usr/lib/gcc/avr/5.4.0/avr5/libgcc.a(_bswapsi2.o)
 .text.libgcc.builtins
                0x0000000000004c88        0xe /usr/lib/gcc/avr/5.4.0/avr5/libgcc.a(_bswapsi2.o)
                0x0000000000004c88                __bswapsi2
 .text.libgcc.fmul
                0x0000000000004c96        0x0 /usr/lib/gcc/avr/5.4.0/avr5/libgcc.a(_bswapsi2.o)
 .text.libgcc.fixed
                0x0000000000004c96        0x0 /usr/lib/gcc/avr/5.4.0/avr5/libgcc.a(_bswapsi2.o)
 .text.libgcc.mul
                0x0000000000004c96       0x1e /usr/lib/gcc/avr/5.4.0/avr5/libgcc.a(_umulhisi3.o)
                0x0000000000004c96                __umulhisi3
 .text.libgcc.div
                0x0000000000004cb4        0x0 /usr/lib/gcc/avr/5.4.0/avr5/libgcc.a(_umulhisi3.o)
 .text.libgcc   0x0000000000004cb4        0x0 /usr/lib/gcc/avr/5.4.0/avr5/libgcc.a(_umulhisi3.o)
 .text.libgcc.prologue
                0x0000000000004cb4        0x0 /usr/lib/gcc/avr/5.4.0/avr5/libgcc.a(_umulhisi3.o)
 .text.libgcc.builtins
                0x0000000000004cb4        0x0 /usr/lib/gcc/avr/5.4.0/avr5/libgcc.a(_umulhisi3.o)
 .text.libgcc.fmul
                0x0000000000004cb4        0x0 /usr/lib/gcc/avr/5.4.0/avr5/libgcc.a(_umulhisi3.o)
 .text.libgcc.fixed
                0x0000000000004cb4        0x0 /usr/lib/gcc/avr/5.4.0/avr5/libgcc.a(_umulhisi3.o)
 .text.libgcc.mul
                0x0000000000004cb4       0x16 /usr/lib/gcc/avr/5.4.0/avr5/libgcc.a(_muluhisi3.o)
                0x0000000000004cb4                __muluhisi3
 .text.libgcc.div
                0x0000000000004cca        0x0 /usr/lib/gcc/avr/5.4.0/avr5/libgcc.a(_muluhisi3.o)
 .text.libgcc   0x0000000000004cca        0x0 /usr/lib/gcc/avr/5.4.0/avr5/libgcc.a(_muluhisi3.o)
 .text.libgcc.prologue
                0x0000000000004cca        0x0 /usr/lib/gcc/avr/5.4.0/avr5/libgcc.a(_muluhisi3.o)
 .text.libgcc.builtins
                0x0000000000004cca        0x0 /usr/lib/gcc/avr/5.4.0/avr5/libgcc.a(_muluhisi3.o)
 .text.libgcc.fmul
                0x0000000000004cca        0x0 /usr/lib/gcc/avr/5.4.0/avr5/libgcc.a(_muluhisi3.o)
 .text.libgcc.fixed
                0x0000000000004cca        0x0 /usr/lib/gcc/avr/5.4.0/avr5/libgcc.a(_muluhisi3.o)
                0x0000000000004cca                . = ALIGN (0x2)
 *(.fini9)
 .fini9         0x0000000000004cca        0x0 /usr/lib/gcc/avr/5.4.0/avr5/libgcc.a(_exit.o)
                0x0000000000004cca                exit
                0x0000000000004cca                _exit
 *(.fini9)
 *(.fini8)
 *(.fini8)
 *(.fini7)
 *(.fini7)
 *(.fini6)
 *(.fini6)
 *(.fini5)
 *(.fini5)
 *(.fini4)
 *(.fini4)
 *(.fini3)
 *(.fini3)
 *(.fini2)
 *(.fini2)
 *(.fini1)
 *(.fini1)
 *(.fini0)
 .fini0         0x0000000000004cca        0x4 /usr/lib/gcc/avr/5.4.0/avr5/libgcc.a(_exit.o)
 *(.fini0)
                0x0000000000004cce                _etext = .

.siminfo        0x0000000000004cce       0x28
 .siminfo       0x0000000000004cce       0x28 /home/cody/Final_Project/lib_projd.a(uart.o)
                0x0000000000004cce                siminfo_serial_out
                0x0000000000004cd9                siminfo_serial_in
                0x0000000000004ce4                siminfo_cpufrequency
                0x0000000000004cea                siminfo_device

.data           0x0000000000800100      0x2ca load address 0x0000000000004cf6
                0x0000000000800100                PROVIDE (__data_start, .)
 *(.data)
 .data          0x0000000000800100        0x0 /usr/lib/gcc/avr/5.4.0/../../../avr/lib/avr5/crtatmega328p.o
 .data          0x0000000000800100        0x2 obj/Debug/main.o
                0x0000000000800100                current_temperature
 .data          0x0000000000800102        0x0 /home/cody/Final_Project/lib_projd.a(alarm.o)
 .data          0x0000000000800102       0x12 /home/cody/Final_Project/lib_projd.a(config.o)
 .data          0x0000000000800114        0x0 /home/cody/Final_Project/lib_projd.a(delay.o)
 .data          0x0000000000800114        0x0 /home/cody/Final_Project/lib_projd.a(Dhcp.o)
 .data          0x0000000000800114        0x0 /home/cody/Final_Project/lib_projd.a(eeprom.o)
 .data          0x0000000000800114        0x0 /home/cody/Final_Project/lib_projd.a(led.o)
 .data          0x0000000000800114        0x0 /home/cody/Final_Project/lib_projd.a(log.o)
 .data          0x0000000000800114        0x0 /home/cody/Final_Project/lib_projd.a(ntp.o)
 .data          0x0000000000800114       0x14 /home/cody/Final_Project/lib_projd.a(rtc.o)
 .data          0x0000000000800128        0x0 /home/cody/Final_Project/lib_projd.a(signature.o)
 .data          0x0000000000800128        0x0 /home/cody/Final_Project/lib_projd.a(socket.o)
 .data          0x0000000000800128        0x0 /home/cody/Final_Project/lib_projd.a(spi.o)
 .data          0x0000000000800128        0x0 /home/cody/Final_Project/lib_projd.a(str.o)
 .data          0x0000000000800128        0x0 /home/cody/Final_Project/lib_projd.a(temp.o)
 .data          0x0000000000800128        0x0 /home/cody/Final_Project/lib_projd.a(tempfsm.o)
 .data          0x0000000000800128        0x0 /home/cody/Final_Project/lib_projd.a(timer1.o)
 .data          0x0000000000800128        0x0 /home/cody/Final_Project/lib_projd.a(uart.o)
 .data          0x0000000000800128        0x8 /home/cody/Final_Project/lib_projd.a(util.o)
 .data          0x0000000000800130        0x0 /home/cody/Final_Project/lib_projd.a(vpd.o)
 .data          0x0000000000800130        0x0 /home/cody/Final_Project/lib_projd.a(w5x00.o)
 .data          0x0000000000800130        0x0 /home/cody/Final_Project/lib_projd.a(wdt.o)
 .data          0x0000000000800130        0x0 /home/cody/Final_Project/lib_projd.a(serial.o)
 .data          0x0000000000800130        0x0 /usr/lib/gcc/avr/5.4.0/avr5/libgcc.a(_mulsi3.o)
 .data          0x0000000000800130        0x0 /usr/lib/gcc/avr/5.4.0/avr5/libgcc.a(_udivmodhi4.o)
 .data          0x0000000000800130        0x0 /usr/lib/gcc/avr/5.4.0/avr5/libgcc.a(_divmodhi4.o)
 .data          0x0000000000800130        0x0 /usr/lib/gcc/avr/5.4.0/avr5/libgcc.a(_udivmodsi4.o)
 .data          0x0000000000800130        0x0 /usr/lib/gcc/avr/5.4.0/avr5/libgcc.a(_divmodsi4.o)
 .data          0x0000000000800130        0x0 /usr/lib/gcc/avr/5.4.0/avr5/libgcc.a(_negsi2.o)
 .data          0x0000000000800130        0x0 /usr/lib/gcc/avr/5.4.0/avr5/libgcc.a(_exit.o)
 .data          0x0000000000800130        0x0 /usr/lib/gcc/avr/5.4.0/avr5/libgcc.a(_tablejump2.o)
 .data          0x0000000000800130        0x0 /usr/lib/gcc/avr/5.4.0/avr5/libgcc.a(_copy_data.o)
 .data          0x0000000000800130        0x0 /usr/lib/gcc/avr/5.4.0/avr5/libgcc.a(_clear_bss.o)
 .data          0x0000000000800130        0x0 /usr/lib/gcc/avr/5.4.0/avr5/libgcc.a(_bswapsi2.o)
 .data          0x0000000000800130        0x0 /usr/lib/gcc/avr/5.4.0/avr5/libgcc.a(_umulhisi3.o)
 .data          0x0000000000800130        0x0 /usr/lib/gcc/avr/5.4.0/avr5/libgcc.a(_muluhisi3.o)
 *(.data*)
 *(.rodata)
 .rodata        0x0000000000800130      0x1bf obj/Debug/main.o
 .rodata        0x00000000008002ef        0x4 /home/cody/Final_Project/lib_projd.a(alarm.o)
 .rodata        0x00000000008002f3        0x4 /home/cody/Final_Project/lib_projd.a(Dhcp.o)
 .rodata        0x00000000008002f7        0x4 /home/cody/Final_Project/lib_projd.a(ntp.o)
 .rodata        0x00000000008002fb        0xc /home/cody/Final_Project/lib_projd.a(rtc.o)
 .rodata        0x0000000000800307        0x6 /home/cody/Final_Project/lib_projd.a(socket.o)
 .rodata        0x000000000080030d       0x37 /home/cody/Final_Project/lib_projd.a(vpd.o)
 .rodata        0x0000000000800344       0x10 /home/cody/Final_Project/lib_projd.a(w5x00.o)
 *(.rodata*)
 .rodata.str1.1
                0x0000000000800354        0xa /home/cody/Final_Project/lib_projd.a(alarm.o)
                                          0xf (size before relaxing)
 .rodata.str1.1
                0x000000000080035e        0x7 /home/cody/Final_Project/lib_projd.a(Dhcp.o)
 .rodata.str1.1
                0x0000000000800365       0x13 /home/cody/Final_Project/lib_projd.a(ntp.o)
 .rodata.str1.1
                0x0000000000800378       0x14 /home/cody/Final_Project/lib_projd.a(rtc.o)
 .rodata.str1.1
                0x000000000080038c       0x3a /home/cody/Final_Project/lib_projd.a(signature.o)
 .rodata.str1.1
                0x00000000008003c6        0x4 /home/cody/Final_Project/lib_projd.a(tempfsm.o)
                                          0x6 (size before relaxing)
 .rodata.str1.1
                0x00000000008003ca        0x3 /home/cody/Final_Project/lib_projd.a(uart.o)
 *(.gnu.linkonce.d*)
                0x00000000008003ce                . = ALIGN (0x2)
                0x00000000008003ce                _edata = .
                0x00000000008003ce                PROVIDE (__data_end, .)

.bss            0x00000000008003ca      0x1ff
                0x00000000008003ca                PROVIDE (__bss_start, .)
 *(.bss)
 .bss           0x00000000008003ca        0x0 /usr/lib/gcc/avr/5.4.0/../../../avr/lib/avr5/crtatmega328p.o
 .bss           0x00000000008003ca        0x2 obj/Debug/main.o
                0x00000000008003ca                protocolState
                0x00000000008003cb                apiCall
 .bss           0x00000000008003cc        0x0 /home/cody/Final_Project/lib_projd.a(alarm.o)
 .bss           0x00000000008003cc        0x1 /home/cody/Final_Project/lib_projd.a(config.o)
 .bss           0x00000000008003cd        0xe /home/cody/Final_Project/lib_projd.a(delay.o)
 .bss           0x00000000008003db       0x43 /home/cody/Final_Project/lib_projd.a(Dhcp.o)
 .bss           0x000000000080041e        0x0 /home/cody/Final_Project/lib_projd.a(eeprom.o)
 .bss           0x000000000080041e        0x5 /home/cody/Final_Project/lib_projd.a(led.o)
 .bss           0x0000000000800423       0x83 /home/cody/Final_Project/lib_projd.a(log.o)
 .bss           0x00000000008004a6        0x0 /home/cody/Final_Project/lib_projd.a(ntp.o)
 .bss           0x00000000008004a6        0x0 /home/cody/Final_Project/lib_projd.a(rtc.o)
 .bss           0x00000000008004a6        0x0 /home/cody/Final_Project/lib_projd.a(signature.o)
 .bss           0x00000000008004a6        0x2 /home/cody/Final_Project/lib_projd.a(socket.o)
 .bss           0x00000000008004a8        0x1 /home/cody/Final_Project/lib_projd.a(spi.o)
 .bss           0x00000000008004a9        0x0 /home/cody/Final_Project/lib_projd.a(str.o)
 .bss           0x00000000008004a9        0x0 /home/cody/Final_Project/lib_projd.a(temp.o)
 .bss           0x00000000008004a9        0x2 /home/cody/Final_Project/lib_projd.a(tempfsm.o)
 .bss           0x00000000008004ab        0x4 /home/cody/Final_Project/lib_projd.a(timer1.o)
 .bss           0x00000000008004af        0x0 /home/cody/Final_Project/lib_projd.a(uart.o)
 .bss           0x00000000008004af        0x0 /home/cody/Final_Project/lib_projd.a(util.o)
 .bss           0x00000000008004af        0x0 /home/cody/Final_Project/lib_projd.a(vpd.o)
 .bss           0x00000000008004af        0x1 /home/cody/Final_Project/lib_projd.a(w5x00.o)
 .bss           0x00000000008004b0        0x0 /home/cody/Final_Project/lib_projd.a(wdt.o)
 .bss           0x00000000008004b0        0x7 /home/cody/Final_Project/lib_projd.a(serial.o)
                0x00000000008004b0                txtail
                0x00000000008004b1                txhead
                0x00000000008004b2                rxtail
                0x00000000008004b3                rxhead
 .bss           0x00000000008004b7        0x0 /usr/lib/gcc/avr/5.4.0/avr5/libgcc.a(_mulsi3.o)
 .bss           0x00000000008004b7        0x0 /usr/lib/gcc/avr/5.4.0/avr5/libgcc.a(_udivmodhi4.o)
 .bss           0x00000000008004b7        0x0 /usr/lib/gcc/avr/5.4.0/avr5/libgcc.a(_divmodhi4.o)
 .bss           0x00000000008004b7        0x0 /usr/lib/gcc/avr/5.4.0/avr5/libgcc.a(_udivmodsi4.o)
 .bss           0x00000000008004b7        0x0 /usr/lib/gcc/avr/5.4.0/avr5/libgcc.a(_divmodsi4.o)
 .bss           0x00000000008004b7        0x0 /usr/lib/gcc/avr/5.4.0/avr5/libgcc.a(_negsi2.o)
 .bss           0x00000000008004b7        0x0 /usr/lib/gcc/avr/5.4.0/avr5/libgcc.a(_exit.o)
 .bss           0x00000000008004b7        0x0 /usr/lib/gcc/avr/5.4.0/avr5/libgcc.a(_tablejump2.o)
 .bss           0x00000000008004b7        0x0 /usr/lib/gcc/avr/5.4.0/avr5/libgcc.a(_copy_data.o)
 .bss           0x00000000008004b7        0x0 /usr/lib/gcc/avr/5.4.0/avr5/libgcc.a(_clear_bss.o)
 .bss           0x00000000008004b7        0x0 /usr/lib/gcc/avr/5.4.0/avr5/libgcc.a(_bswapsi2.o)
 .bss           0x00000000008004b7        0x0 /usr/lib/gcc/avr/5.4.0/avr5/libgcc.a(_umulhisi3.o)
 .bss           0x00000000008004b7        0x0 /usr/lib/gcc/avr/5.4.0/avr5/libgcc.a(_muluhisi3.o)
 *(.bss*)
 *(COMMON)
 COMMON         0x00000000008004b7       0x12 /home/cody/Final_Project/lib_projd.a(config.o)
                0x00000000008004b7                config
 COMMON         0x00000000008004c9       0x45 /home/cody/Final_Project/lib_projd.a(eeprom.o)
                0x00000000008004c9                write_busy
                0x00000000008004ca                writeaddr
                0x00000000008004cc                writesize
                0x00000000008004cd                writebuf
                0x000000000080050d                bufidx
 COMMON         0x000000000080050e        0x4 /home/cody/Final_Project/lib_projd.a(rtc.o)
                0x000000000080050e                rtc_base
 COMMON         0x0000000000800512       0x37 /home/cody/Final_Project/lib_projd.a(vpd.o)
                0x0000000000800512                vpd
 COMMON         0x0000000000800549       0x80 /home/cody/Final_Project/lib_projd.a(serial.o)
                0x0000000000800549                rxbuf
                0x0000000000800589                txbuf
                0x00000000008005c9                PROVIDE (__bss_end, .)
                0x0000000000004cf6                __data_load_start = LOADADDR (.data)
                0x0000000000004fc0                __data_load_end = (__data_load_start + SIZEOF (.data))

.noinit         0x00000000008005c9        0x0
                [!provide]                        PROVIDE (__noinit_start, .)
 *(.noinit*)
                [!provide]                        PROVIDE (__noinit_end, .)
                0x00000000008005c9                _end = .
                [!provide]                        PROVIDE (__heap_start, .)

.eeprom         0x0000000000810000        0x0
 *(.eeprom*)
                0x0000000000810000                __eeprom_end = .

.fuse
 *(.fuse)
 *(.lfuse)
 *(.hfuse)
 *(.efuse)

.lock
 *(.lock*)

.signature
 *(.signature*)

.user_signatures
 *(.user_signatures*)

.stab           0x0000000000000000      0xbe8
 *(.stab)
 .stab          0x0000000000000000      0xbe8 obj/Debug/main.o

.stabstr        0x0000000000000000      0xb71
 *(.stabstr)
 .stabstr       0x0000000000000000      0xb71 obj/Debug/main.o

.stab.excl
 *(.stab.excl)

.stab.exclstr
 *(.stab.exclstr)

.stab.index
 *(.stab.index)

.stab.indexstr
 *(.stab.indexstr)

.comment        0x0000000000000000       0x11
 *(.comment)
 .comment       0x0000000000000000       0x11 obj/Debug/main.o
                                         0x12 (size before relaxing)
 .comment       0x0000000000000011       0x12 /home/cody/Final_Project/lib_projd.a(alarm.o)
 .comment       0x0000000000000011       0x12 /home/cody/Final_Project/lib_projd.a(config.o)
 .comment       0x0000000000000011       0x12 /home/cody/Final_Project/lib_projd.a(delay.o)
 .comment       0x0000000000000011       0x12 /home/cody/Final_Project/lib_projd.a(Dhcp.o)
 .comment       0x0000000000000011       0x12 /home/cody/Final_Project/lib_projd.a(eeprom.o)
 .comment       0x0000000000000011       0x12 /home/cody/Final_Project/lib_projd.a(led.o)
 .comment       0x0000000000000011       0x12 /home/cody/Final_Project/lib_projd.a(log.o)
 .comment       0x0000000000000011       0x12 /home/cody/Final_Project/lib_projd.a(ntp.o)
 .comment       0x0000000000000011       0x12 /home/cody/Final_Project/lib_projd.a(rtc.o)
 .comment       0x0000000000000011       0x12 /home/cody/Final_Project/lib_projd.a(signature.o)
 .comment       0x0000000000000011       0x12 /home/cody/Final_Project/lib_projd.a(socket.o)
 .comment       0x0000000000000011       0x12 /home/cody/Final_Project/lib_projd.a(spi.o)
 .comment       0x0000000000000011       0x12 /home/cody/Final_Project/lib_projd.a(str.o)
 .comment       0x0000000000000011       0x12 /home/cody/Final_Project/lib_projd.a(temp.o)
 .comment       0x0000000000000011       0x12 /home/cody/Final_Project/lib_projd.a(tempfsm.o)
 .comment       0x0000000000000011       0x12 /home/cody/Final_Project/lib_projd.a(timer1.o)
 .comment       0x0000000000000011       0x12 /home/cody/Final_Project/lib_projd.a(uart.o)
 .comment       0x0000000000000011       0x12 /home/cody/Final_Project/lib_projd.a(util.o)
 .comment       0x0000000000000011       0x12 /home/cody/Final_Project/lib_projd.a(vpd.o)
 .comment       0x0000000000000011       0x12 /home/cody/Final_Project/lib_projd.a(w5x00.o)
 .comment       0x0000000000000011       0x12 /home/cody/Final_Project/lib_projd.a(wdt.o)
 .comment       0x0000000000000011       0x12 /home/cody/Final_Project/lib_projd.a(serial.o)

.note.gnu.avr.deviceinfo
                0x0000000000000000       0x40
 .note.gnu.avr.deviceinfo
                0x0000000000000000       0x40 /usr/lib/gcc/avr/5.4.0/../../../avr/lib/avr5/crtatmega328p.o

.note.gnu.build-id
 *(.note.gnu.build-id)

.debug
 *(.debug)

.line
 *(.line)

.debug_srcinfo
 *(.debug_srcinfo)

.debug_sfnames
 *(.debug_sfnames)

.debug_aranges
 *(.debug_aranges)

.debug_pubnames
 *(.debug_pubnames)

.debug_info     0x0000000000000000      0x5f4
 *(.debug_info .gnu.linkonce.wi.*)
 .debug_info    0x0000000000000000      0x5f4 /usr/lib/gcc/avr/5.4.0/../../../avr/lib/avr5/crtatmega328p.o

.debug_abbrev   0x0000000000000000      0x5a2
 *(.debug_abbrev)
 .debug_abbrev  0x0000000000000000      0x5a2 /usr/lib/gcc/avr/5.4.0/../../../avr/lib/avr5/crtatmega328p.o

.debug_line     0x0000000000000000       0x1a
 *(.debug_line .debug_line.* .debug_line_end)
 .debug_line    0x0000000000000000       0x1a /usr/lib/gcc/avr/5.4.0/../../../avr/lib/avr5/crtatmega328p.o

.debug_frame
 *(.debug_frame)

.debug_str      0x0000000000000000      0x208
 *(.debug_str)
 .debug_str     0x0000000000000000      0x208 /usr/lib/gcc/avr/5.4.0/../../../avr/lib/avr5/crtatmega328p.o

.debug_loc
 *(.debug_loc)

.debug_macinfo
 *(.debug_macinfo)

.debug_weaknames
 *(.debug_weaknames)

.debug_funcnames
 *(.debug_funcnames)

.debug_typenames
 *(.debug_typenames)

.debug_varnames
 *(.debug_varnames)

.debug_pubtypes
 *(.debug_pubtypes)

.debug_ranges
 *(.debug_ranges)

.debug_macro
 *(.debug_macro)
OUTPUT(bin/Debug/Final_Project.elf elf32-avr)
LOAD linker stubs

Cross Reference Table

Symbol                                            File
W5x_config                                        /home/cody/Final_Project/lib_projd.a(w5x00.o)
                                                  obj/Debug/main.o
W5x_execCmdSn                                     /home/cody/Final_Project/lib_projd.a(w5x00.o)
                                                  /home/cody/Final_Project/lib_projd.a(socket.o)
W5x_getRXReceivedSize                             /home/cody/Final_Project/lib_projd.a(w5x00.o)
                                                  /home/cody/Final_Project/lib_projd.a(socket.o)
W5x_getTXFreeSize                                 /home/cody/Final_Project/lib_projd.a(w5x00.o)
                                                  /home/cody/Final_Project/lib_projd.a(socket.o)
W5x_init                                          /home/cody/Final_Project/lib_projd.a(w5x00.o)
                                                  obj/Debug/main.o
W5x_read                                          /home/cody/Final_Project/lib_projd.a(w5x00.o)
W5x_readIR                                        /home/cody/Final_Project/lib_projd.a(w5x00.o)
W5x_readMR                                        /home/cody/Final_Project/lib_projd.a(w5x00.o)
W5x_readRTR                                       /home/cody/Final_Project/lib_projd.a(w5x00.o)
W5x_readSn                                        /home/cody/Final_Project/lib_projd.a(w5x00.o)
W5x_readSnCR                                      /home/cody/Final_Project/lib_projd.a(w5x00.o)
W5x_readSnDHAR                                    /home/cody/Final_Project/lib_projd.a(w5x00.o)
W5x_readSnDIPR                                    /home/cody/Final_Project/lib_projd.a(w5x00.o)
W5x_readSnDPORT                                   /home/cody/Final_Project/lib_projd.a(w5x00.o)
W5x_readSnIR                                      /home/cody/Final_Project/lib_projd.a(w5x00.o)
                                                  /home/cody/Final_Project/lib_projd.a(socket.o)
W5x_readSnMR                                      /home/cody/Final_Project/lib_projd.a(w5x00.o)
                                                  /home/cody/Final_Project/lib_projd.a(socket.o)
W5x_readSnMSSR                                    /home/cody/Final_Project/lib_projd.a(w5x00.o)
W5x_readSnPORT                                    /home/cody/Final_Project/lib_projd.a(w5x00.o)
W5x_readSnRX_RD                                   /home/cody/Final_Project/lib_projd.a(w5x00.o)
                                                  /home/cody/Final_Project/lib_projd.a(socket.o)
W5x_readSnRX_RSR                                  /home/cody/Final_Project/lib_projd.a(w5x00.o)
W5x_readSnRX_WR                                   /home/cody/Final_Project/lib_projd.a(w5x00.o)
W5x_readSnSR                                      /home/cody/Final_Project/lib_projd.a(w5x00.o)
                                                  /home/cody/Final_Project/lib_projd.a(socket.o)
W5x_readSnTX_FSR                                  /home/cody/Final_Project/lib_projd.a(w5x00.o)
W5x_readSnTX_RD                                   /home/cody/Final_Project/lib_projd.a(w5x00.o)
W5x_readSnTX_WR                                   /home/cody/Final_Project/lib_projd.a(w5x00.o)
W5x_readUPORT                                     /home/cody/Final_Project/lib_projd.a(w5x00.o)
W5x_read_data                                     /home/cody/Final_Project/lib_projd.a(w5x00.o)
                                                  /home/cody/Final_Project/lib_projd.a(socket.o)
W5x_readbuf                                       /home/cody/Final_Project/lib_projd.a(w5x00.o)
W5x_readbufGAR                                    /home/cody/Final_Project/lib_projd.a(w5x00.o)
W5x_readbufSHAR                                   /home/cody/Final_Project/lib_projd.a(w5x00.o)
W5x_readbufSIPR                                   /home/cody/Final_Project/lib_projd.a(w5x00.o)
W5x_readbufSUBR                                   /home/cody/Final_Project/lib_projd.a(w5x00.o)
W5x_readbufSn                                     /home/cody/Final_Project/lib_projd.a(w5x00.o)
W5x_readbufUIPR                                   /home/cody/Final_Project/lib_projd.a(w5x00.o)
W5x_recv_data_processing                          /home/cody/Final_Project/lib_projd.a(w5x00.o)
                                                  /home/cody/Final_Project/lib_projd.a(socket.o)
W5x_recv_data_processing_offset                   /home/cody/Final_Project/lib_projd.a(w5x00.o)
                                                  /home/cody/Final_Project/lib_projd.a(socket.o)
W5x_send_data_processing                          /home/cody/Final_Project/lib_projd.a(w5x00.o)
                                                  /home/cody/Final_Project/lib_projd.a(socket.o)
W5x_send_data_processing_offset                   /home/cody/Final_Project/lib_projd.a(w5x00.o)
                                                  /home/cody/Final_Project/lib_projd.a(socket.o)
W5x_write                                         /home/cody/Final_Project/lib_projd.a(w5x00.o)
W5x_writeIR                                       /home/cody/Final_Project/lib_projd.a(w5x00.o)
W5x_writeMR                                       /home/cody/Final_Project/lib_projd.a(w5x00.o)
W5x_writeRTR                                      /home/cody/Final_Project/lib_projd.a(w5x00.o)
W5x_writeSn                                       /home/cody/Final_Project/lib_projd.a(w5x00.o)
W5x_writeSnCR                                     /home/cody/Final_Project/lib_projd.a(w5x00.o)
W5x_writeSnDHAR                                   /home/cody/Final_Project/lib_projd.a(w5x00.o)
                                                  /home/cody/Final_Project/lib_projd.a(socket.o)
W5x_writeSnDIPR                                   /home/cody/Final_Project/lib_projd.a(w5x00.o)
                                                  /home/cody/Final_Project/lib_projd.a(socket.o)
W5x_writeSnDPORT                                  /home/cody/Final_Project/lib_projd.a(w5x00.o)
                                                  /home/cody/Final_Project/lib_projd.a(socket.o)
W5x_writeSnIR                                     /home/cody/Final_Project/lib_projd.a(w5x00.o)
                                                  /home/cody/Final_Project/lib_projd.a(socket.o)
W5x_writeSnMR                                     /home/cody/Final_Project/lib_projd.a(w5x00.o)
                                                  /home/cody/Final_Project/lib_projd.a(socket.o)
W5x_writeSnMSSR                                   /home/cody/Final_Project/lib_projd.a(w5x00.o)
W5x_writeSnPORT                                   /home/cody/Final_Project/lib_projd.a(w5x00.o)
                                                  /home/cody/Final_Project/lib_projd.a(socket.o)
W5x_writeSnRX_RD                                  /home/cody/Final_Project/lib_projd.a(w5x00.o)
                                                  /home/cody/Final_Project/lib_projd.a(socket.o)
W5x_writeSnRX_RSR                                 /home/cody/Final_Project/lib_projd.a(w5x00.o)
W5x_writeSnRX_WR                                  /home/cody/Final_Project/lib_projd.a(w5x00.o)
W5x_writeSnSR                                     /home/cody/Final_Project/lib_projd.a(w5x00.o)
W5x_writeSnTX_FSR                                 /home/cody/Final_Project/lib_projd.a(w5x00.o)
W5x_writeSnTX_RD                                  /home/cody/Final_Project/lib_projd.a(w5x00.o)
W5x_writeSnTX_WR                                  /home/cody/Final_Project/lib_projd.a(w5x00.o)
W5x_writeUPORT                                    /home/cody/Final_Project/lib_projd.a(w5x00.o)
W5x_writebuf                                      /home/cody/Final_Project/lib_projd.a(w5x00.o)
W5x_writebufGAR                                   /home/cody/Final_Project/lib_projd.a(w5x00.o)
W5x_writebufSHAR                                  /home/cody/Final_Project/lib_projd.a(w5x00.o)
W5x_writebufSIPR                                  /home/cody/Final_Project/lib_projd.a(w5x00.o)
W5x_writebufSUBR                                  /home/cody/Final_Project/lib_projd.a(w5x00.o)
W5x_writebufSn                                    /home/cody/Final_Project/lib_projd.a(w5x00.o)
W5x_writebufUIPR                                  /home/cody/Final_Project/lib_projd.a(w5x00.o)
_ZN9DhcpClass10checkLeaseEv                       /home/cody/Final_Project/lib_projd.a(Dhcp.o)
_ZN9DhcpClass10getLocalIpEv                       /home/cody/Final_Project/lib_projd.a(Dhcp.o)
_ZN9DhcpClass12getGatewayIpEv                     /home/cody/Final_Project/lib_projd.a(Dhcp.o)
_ZN9DhcpClass12presend_DHCPEv                     /home/cody/Final_Project/lib_projd.a(Dhcp.o)
_ZN9DhcpClass13beginWithDHCPEPhmm                 /home/cody/Final_Project/lib_projd.a(Dhcp.o)
_ZN9DhcpClass13getSubnetMaskEv                    /home/cody/Final_Project/lib_projd.a(Dhcp.o)
_ZN9DhcpClass14getDnsServerIpEv                   /home/cody/Final_Project/lib_projd.a(Dhcp.o)
_ZN9DhcpClass15getDhcpServerIpEv                  /home/cody/Final_Project/lib_projd.a(Dhcp.o)
_ZN9DhcpClass16reset_DHCP_leaseEv                 /home/cody/Final_Project/lib_projd.a(Dhcp.o)
_ZN9DhcpClass17parseDHCPResponseEmRm              /home/cody/Final_Project/lib_projd.a(Dhcp.o)
_ZN9DhcpClass17send_DHCP_MESSAGEEhj               /home/cody/Final_Project/lib_projd.a(Dhcp.o)
_ZN9DhcpClass18request_DHCP_leaseEv               /home/cody/Final_Project/lib_projd.a(Dhcp.o)
_ZN9DhcpClass9printByteEPch                       /home/cody/Final_Project/lib_projd.a(Dhcp.o)
__FUSE_REGION_LENGTH__                            /usr/lib/gcc/avr/5.4.0/../../../avr/lib/avr5/crtatmega328p.o
__bad_interrupt                                   /usr/lib/gcc/avr/5.4.0/../../../avr/lib/avr5/crtatmega328p.o
__bss_end                                         /usr/lib/gcc/avr/5.4.0/avr5/libgcc.a(_clear_bss.o)
__bss_start                                       /usr/lib/gcc/avr/5.4.0/avr5/libgcc.a(_clear_bss.o)
__bswapsi2                                        /usr/lib/gcc/avr/5.4.0/avr5/libgcc.a(_bswapsi2.o)
                                                  /home/cody/Final_Project/lib_projd.a(Dhcp.o)
__data_end                                        /usr/lib/gcc/avr/5.4.0/avr5/libgcc.a(_copy_data.o)
__data_load_start                                 /usr/lib/gcc/avr/5.4.0/avr5/libgcc.a(_copy_data.o)
__data_start                                      /usr/lib/gcc/avr/5.4.0/avr5/libgcc.a(_copy_data.o)
__divmodhi4                                       /usr/lib/gcc/avr/5.4.0/avr5/libgcc.a(_divmodhi4.o)
                                                  /home/cody/Final_Project/lib_projd.a(log.o)
__divmodsi4                                       /usr/lib/gcc/avr/5.4.0/avr5/libgcc.a(_divmodsi4.o)
                                                  /home/cody/Final_Project/lib_projd.a(uart.o)
                                                  /home/cody/Final_Project/lib_projd.a(temp.o)
                                                  /home/cody/Final_Project/lib_projd.a(socket.o)
__do_clear_bss                                    /usr/lib/gcc/avr/5.4.0/avr5/libgcc.a(_clear_bss.o)
                                                  /home/cody/Final_Project/lib_projd.a(serial.o)
                                                  /home/cody/Final_Project/lib_projd.a(w5x00.o)
                                                  /home/cody/Final_Project/lib_projd.a(vpd.o)
                                                  /home/cody/Final_Project/lib_projd.a(timer1.o)
                                                  /home/cody/Final_Project/lib_projd.a(tempfsm.o)
                                                  /home/cody/Final_Project/lib_projd.a(spi.o)
                                                  /home/cody/Final_Project/lib_projd.a(socket.o)
                                                  /home/cody/Final_Project/lib_projd.a(rtc.o)
                                                  /home/cody/Final_Project/lib_projd.a(log.o)
                                                  /home/cody/Final_Project/lib_projd.a(led.o)
                                                  /home/cody/Final_Project/lib_projd.a(eeprom.o)
                                                  /home/cody/Final_Project/lib_projd.a(Dhcp.o)
                                                  /home/cody/Final_Project/lib_projd.a(delay.o)
                                                  /home/cody/Final_Project/lib_projd.a(config.o)
                                                  obj/Debug/main.o
__do_copy_data                                    /usr/lib/gcc/avr/5.4.0/avr5/libgcc.a(_copy_data.o)
                                                  /home/cody/Final_Project/lib_projd.a(w5x00.o)
                                                  /home/cody/Final_Project/lib_projd.a(vpd.o)
                                                  /home/cody/Final_Project/lib_projd.a(util.o)
                                                  /home/cody/Final_Project/lib_projd.a(uart.o)
                                                  /home/cody/Final_Project/lib_projd.a(tempfsm.o)
                                                  /home/cody/Final_Project/lib_projd.a(socket.o)
                                                  /home/cody/Final_Project/lib_projd.a(signature.o)
                                                  /home/cody/Final_Project/lib_projd.a(rtc.o)
                                                  /home/cody/Final_Project/lib_projd.a(ntp.o)
                                                  /home/cody/Final_Project/lib_projd.a(Dhcp.o)
                                                  /home/cody/Final_Project/lib_projd.a(config.o)
                                                  /home/cody/Final_Project/lib_projd.a(alarm.o)
                                                  obj/Debug/main.o
__heap_end                                        /usr/lib/gcc/avr/5.4.0/../../../avr/lib/avr5/crtatmega328p.o
__init                                            /usr/lib/gcc/avr/5.4.0/../../../avr/lib/avr5/crtatmega328p.o
__mulsi3                                          /usr/lib/gcc/avr/5.4.0/avr5/libgcc.a(_mulsi3.o)
                                                  /home/cody/Final_Project/lib_projd.a(rtc.o)
__muluhisi3                                       /usr/lib/gcc/avr/5.4.0/avr5/libgcc.a(_muluhisi3.o)
                                                  /usr/lib/gcc/avr/5.4.0/avr5/libgcc.a(_mulsi3.o)
                                                  /home/cody/Final_Project/lib_projd.a(util.o)
                                                  /home/cody/Final_Project/lib_projd.a(uart.o)
                                                  /home/cody/Final_Project/lib_projd.a(temp.o)
                                                  /home/cody/Final_Project/lib_projd.a(socket.o)
                                                  /home/cody/Final_Project/lib_projd.a(rtc.o)
__negsi2                                          /usr/lib/gcc/avr/5.4.0/avr5/libgcc.a(_negsi2.o)
                                                  /usr/lib/gcc/avr/5.4.0/avr5/libgcc.a(_divmodsi4.o)
__stack                                           /usr/lib/gcc/avr/5.4.0/../../../avr/lib/avr5/crtatmega328p.o
__tablejump2__                                    /usr/lib/gcc/avr/5.4.0/avr5/libgcc.a(_tablejump2.o)
                                                  /home/cody/Final_Project/lib_projd.a(tempfsm.o)
__udivmodhi4                                      /usr/lib/gcc/avr/5.4.0/avr5/libgcc.a(_udivmodhi4.o)
                                                  /usr/lib/gcc/avr/5.4.0/avr5/libgcc.a(_divmodhi4.o)
                                                  /home/cody/Final_Project/lib_projd.a(str.o)
                                                  /home/cody/Final_Project/lib_projd.a(rtc.o)
__udivmodsi4                                      /usr/lib/gcc/avr/5.4.0/avr5/libgcc.a(_udivmodsi4.o)
                                                  /usr/lib/gcc/avr/5.4.0/avr5/libgcc.a(_divmodsi4.o)
                                                  /home/cody/Final_Project/lib_projd.a(util.o)
                                                  /home/cody/Final_Project/lib_projd.a(rtc.o)
                                                  /home/cody/Final_Project/lib_projd.a(Dhcp.o)
__umulhisi3                                       /usr/lib/gcc/avr/5.4.0/avr5/libgcc.a(_umulhisi3.o)
                                                  /usr/lib/gcc/avr/5.4.0/avr5/libgcc.a(_muluhisi3.o)
                                                  /home/cody/Final_Project/lib_projd.a(rtc.o)
__vector_1                                        /usr/lib/gcc/avr/5.4.0/../../../avr/lib/avr5/crtatmega328p.o
__vector_10                                       /usr/lib/gcc/avr/5.4.0/../../../avr/lib/avr5/crtatmega328p.o
__vector_11                                       /home/cody/Final_Project/lib_projd.a(timer1.o)
                                                  /usr/lib/gcc/avr/5.4.0/../../../avr/lib/avr5/crtatmega328p.o
__vector_12                                       /usr/lib/gcc/avr/5.4.0/../../../avr/lib/avr5/crtatmega328p.o
__vector_13                                       /usr/lib/gcc/avr/5.4.0/../../../avr/lib/avr5/crtatmega328p.o
__vector_14                                       /home/cody/Final_Project/lib_projd.a(delay.o)
                                                  /usr/lib/gcc/avr/5.4.0/../../../avr/lib/avr5/crtatmega328p.o
__vector_15                                       /usr/lib/gcc/avr/5.4.0/../../../avr/lib/avr5/crtatmega328p.o
__vector_16                                       /usr/lib/gcc/avr/5.4.0/../../../avr/lib/avr5/crtatmega328p.o
__vector_17                                       /usr/lib/gcc/avr/5.4.0/../../../avr/lib/avr5/crtatmega328p.o
__vector_18                                       /home/cody/Final_Project/lib_projd.a(serial.o)
                                                  /usr/lib/gcc/avr/5.4.0/../../../avr/lib/avr5/crtatmega328p.o
__vector_19                                       /home/cody/Final_Project/lib_projd.a(serial.o)
                                                  /usr/lib/gcc/avr/5.4.0/../../../avr/lib/avr5/crtatmega328p.o
__vector_2                                        /usr/lib/gcc/avr/5.4.0/../../../avr/lib/avr5/crtatmega328p.o
__vector_20                                       /usr/lib/gcc/avr/5.4.0/../../../avr/lib/avr5/crtatmega328p.o
__vector_21                                       /usr/lib/gcc/avr/5.4.0/../../../avr/lib/avr5/crtatmega328p.o
__vector_22                                       /home/cody/Final_Project/lib_projd.a(eeprom.o)
                                                  /usr/lib/gcc/avr/5.4.0/../../../avr/lib/avr5/crtatmega328p.o
__vector_23                                       /usr/lib/gcc/avr/5.4.0/../../../avr/lib/avr5/crtatmega328p.o
__vector_24                                       /usr/lib/gcc/avr/5.4.0/../../../avr/lib/avr5/crtatmega328p.o
__vector_25                                       /usr/lib/gcc/avr/5.4.0/../../../avr/lib/avr5/crtatmega328p.o
__vector_3                                        /usr/lib/gcc/avr/5.4.0/../../../avr/lib/avr5/crtatmega328p.o
__vector_4                                        /usr/lib/gcc/avr/5.4.0/../../../avr/lib/avr5/crtatmega328p.o
__vector_5                                        /usr/lib/gcc/avr/5.4.0/../../../avr/lib/avr5/crtatmega328p.o
__vector_6                                        /home/cody/Final_Project/lib_projd.a(wdt.o)
                                                  /usr/lib/gcc/avr/5.4.0/../../../avr/lib/avr5/crtatmega328p.o
__vector_7                                        /usr/lib/gcc/avr/5.4.0/../../../avr/lib/avr5/crtatmega328p.o
__vector_8                                        /usr/lib/gcc/avr/5.4.0/../../../avr/lib/avr5/crtatmega328p.o
__vector_9                                        /usr/lib/gcc/avr/5.4.0/../../../avr/lib/avr5/crtatmega328p.o
__vector_default                                  /usr/lib/gcc/avr/5.4.0/../../../avr/lib/avr5/crtatmega328p.o
__vectors                                         /usr/lib/gcc/avr/5.4.0/../../../avr/lib/avr5/crtatmega328p.o
_div                                              /usr/lib/gcc/avr/5.4.0/avr5/libgcc.a(_divmodhi4.o)
_exit                                             /usr/lib/gcc/avr/5.4.0/avr5/libgcc.a(_exit.o)
alarm_init                                        /home/cody/Final_Project/lib_projd.a(alarm.o)
alarm_send                                        /home/cody/Final_Project/lib_projd.a(alarm.o)
                                                  /home/cody/Final_Project/lib_projd.a(tempfsm.o)
                                                  /home/cody/Final_Project/lib_projd.a(signature.o)
                                                  obj/Debug/main.o
apiCall                                           obj/Debug/main.o
bufidx                                            /home/cody/Final_Project/lib_projd.a(eeprom.o)
check_for_test_start                              /home/cody/Final_Project/lib_projd.a(signature.o)
                                                  obj/Debug/main.o
config                                            /home/cody/Final_Project/lib_projd.a(config.o)
                                                  obj/Debug/main.o
config_init                                       /home/cody/Final_Project/lib_projd.a(config.o)
                                                  obj/Debug/main.o
config_is_data_valid                              /home/cody/Final_Project/lib_projd.a(config.o)
config_set_modified                               /home/cody/Final_Project/lib_projd.a(config.o)
config_update                                     /home/cody/Final_Project/lib_projd.a(config.o)
                                                  obj/Debug/main.o
config_update_noisr                               /home/cody/Final_Project/lib_projd.a(config.o)
                                                  /home/cody/Final_Project/lib_projd.a(wdt.o)
config_write_defaults                             /home/cody/Final_Project/lib_projd.a(config.o)
current_temperature                               obj/Debug/main.o
delay_get                                         /home/cody/Final_Project/lib_projd.a(delay.o)
delay_init                                        /home/cody/Final_Project/lib_projd.a(delay.o)
delay_isdone                                      /home/cody/Final_Project/lib_projd.a(delay.o)
                                                  /home/cody/Final_Project/lib_projd.a(led.o)
                                                  obj/Debug/main.o
delay_set                                         /home/cody/Final_Project/lib_projd.a(delay.o)
                                                  /home/cody/Final_Project/lib_projd.a(led.o)
                                                  obj/Debug/main.o
deleteCall                                        obj/Debug/main.o
dhcp_checkLease                                   /home/cody/Final_Project/lib_projd.a(Dhcp.o)
dhcp_getDhcpServerIp                              /home/cody/Final_Project/lib_projd.a(Dhcp.o)
dhcp_getDnsServerIp                               /home/cody/Final_Project/lib_projd.a(Dhcp.o)
dhcp_getGatewayIp                                 /home/cody/Final_Project/lib_projd.a(Dhcp.o)
                                                  obj/Debug/main.o
dhcp_getLocalIp                                   /home/cody/Final_Project/lib_projd.a(Dhcp.o)
                                                  obj/Debug/main.o
dhcp_getSubnetMask                                /home/cody/Final_Project/lib_projd.a(Dhcp.o)
                                                  obj/Debug/main.o
dhcp_start                                        /home/cody/Final_Project/lib_projd.a(Dhcp.o)
                                                  obj/Debug/main.o
eeprom_isbusy                                     /home/cody/Final_Project/lib_projd.a(eeprom.o)
                                                  /home/cody/Final_Project/lib_projd.a(vpd.o)
                                                  /home/cody/Final_Project/lib_projd.a(log.o)
                                                  /home/cody/Final_Project/lib_projd.a(config.o)
eeprom_readbuf                                    /home/cody/Final_Project/lib_projd.a(eeprom.o)
                                                  /home/cody/Final_Project/lib_projd.a(vpd.o)
                                                  /home/cody/Final_Project/lib_projd.a(log.o)
                                                  /home/cody/Final_Project/lib_projd.a(config.o)
eeprom_startwrite                                 /home/cody/Final_Project/lib_projd.a(eeprom.o)
eeprom_writebuf                                   /home/cody/Final_Project/lib_projd.a(eeprom.o)
                                                  /home/cody/Final_Project/lib_projd.a(vpd.o)
                                                  /home/cody/Final_Project/lib_projd.a(log.o)
                                                  /home/cody/Final_Project/lib_projd.a(config.o)
eeprom_writebuf_noisr                             /home/cody/Final_Project/lib_projd.a(eeprom.o)
                                                  /home/cody/Final_Project/lib_projd.a(log.o)
                                                  /home/cody/Final_Project/lib_projd.a(config.o)
exit                                              /usr/lib/gcc/avr/5.4.0/avr5/libgcc.a(_exit.o)
                                                  /usr/lib/gcc/avr/5.4.0/../../../avr/lib/avr5/crtatmega328p.o
getCall                                           obj/Debug/main.o
get_month                                         /home/cody/Final_Project/lib_projd.a(rtc.o)
isW5100                                           /home/cody/Final_Project/lib_projd.a(w5x00.o)
isW5500                                           /home/cody/Final_Project/lib_projd.a(w5x00.o)
is_leapyear                                       /home/cody/Final_Project/lib_projd.a(rtc.o)
led_init                                          /home/cody/Final_Project/lib_projd.a(led.o)
                                                  obj/Debug/main.o
led_is_on                                         /home/cody/Final_Project/lib_projd.a(led.o)
led_off                                           /home/cody/Final_Project/lib_projd.a(led.o)
led_on                                            /home/cody/Final_Project/lib_projd.a(led.o)
                                                  /home/cody/Final_Project/lib_projd.a(wdt.o)
led_set_blink                                     /home/cody/Final_Project/lib_projd.a(led.o)
                                                  /home/cody/Final_Project/lib_projd.a(tempfsm.o)
led_update                                        /home/cody/Final_Project/lib_projd.a(led.o)
                                                  obj/Debug/main.o
log_add_record                                    /home/cody/Final_Project/lib_projd.a(log.o)
                                                  /home/cody/Final_Project/lib_projd.a(wdt.o)
                                                  /home/cody/Final_Project/lib_projd.a(tempfsm.o)
                                                  obj/Debug/main.o
log_clear                                         /home/cody/Final_Project/lib_projd.a(log.o)
log_get_num_entries                               /home/cody/Final_Project/lib_projd.a(log.o)
                                                  obj/Debug/main.o
log_get_record                                    /home/cody/Final_Project/lib_projd.a(log.o)
                                                  obj/Debug/main.o
log_init                                          /home/cody/Final_Project/lib_projd.a(log.o)
                                                  obj/Debug/main.o
log_is_data_valid                                 /home/cody/Final_Project/lib_projd.a(log.o)
log_update                                        /home/cody/Final_Project/lib_projd.a(log.o)
                                                  obj/Debug/main.o
log_update_noisr                                  /home/cody/Final_Project/lib_projd.a(log.o)
                                                  /home/cody/Final_Project/lib_projd.a(wdt.o)
main                                              obj/Debug/main.o
                                                  /usr/lib/gcc/avr/5.4.0/../../../avr/lib/avr5/crtatmega328p.o
mem_cmp                                           /home/cody/Final_Project/lib_projd.a(str.o)
                                                  /home/cody/Final_Project/lib_projd.a(Dhcp.o)
mem_cpy                                           /home/cody/Final_Project/lib_projd.a(str.o)
                                                  /home/cody/Final_Project/lib_projd.a(signature.o)
                                                  /home/cody/Final_Project/lib_projd.a(Dhcp.o)
mem_set                                           /home/cody/Final_Project/lib_projd.a(str.o)
                                                  /home/cody/Final_Project/lib_projd.a(Dhcp.o)
millis                                            /home/cody/Final_Project/lib_projd.a(delay.o)
                                                  /home/cody/Final_Project/lib_projd.a(w5x00.o)
                                                  /home/cody/Final_Project/lib_projd.a(ntp.o)
                                                  /home/cody/Final_Project/lib_projd.a(Dhcp.o)
                                                  /home/cody/Final_Project/lib_projd.a(alarm.o)
ntp_sync_network_time                             /home/cody/Final_Project/lib_projd.a(ntp.o)
                                                  obj/Debug/main.o
parseRecvBuffer                                   obj/Debug/main.o
protocolState                                     obj/Debug/main.o
putCall                                           obj/Debug/main.o
random                                            /home/cody/Final_Project/lib_projd.a(util.o)
                                                  /home/cody/Final_Project/lib_projd.a(Dhcp.o)
random_seed                                       /home/cody/Final_Project/lib_projd.a(util.o)
rtc_base                                          /home/cody/Final_Project/lib_projd.a(rtc.o)
rtc_get_date                                      /home/cody/Final_Project/lib_projd.a(rtc.o)
                                                  /home/cody/Final_Project/lib_projd.a(log.o)
rtc_get_date_string                               /home/cody/Final_Project/lib_projd.a(rtc.o)
                                                  /home/cody/Final_Project/lib_projd.a(ntp.o)
                                                  /home/cody/Final_Project/lib_projd.a(alarm.o)
rtc_init                                          /home/cody/Final_Project/lib_projd.a(rtc.o)
                                                  obj/Debug/main.o
rtc_num2datestr                                   /home/cody/Final_Project/lib_projd.a(rtc.o)
                                                  /home/cody/Final_Project/lib_projd.a(socket.o)
                                                  /home/cody/Final_Project/lib_projd.a(ntp.o)
rtc_set_by_datestr                                /home/cody/Final_Project/lib_projd.a(rtc.o)
                                                  /home/cody/Final_Project/lib_projd.a(ntp.o)
rtc_set_date                                      /home/cody/Final_Project/lib_projd.a(rtc.o)
rxbuf                                             /home/cody/Final_Project/lib_projd.a(serial.o)
rxhead                                            /home/cody/Final_Project/lib_projd.a(serial.o)
rxtail                                            /home/cody/Final_Project/lib_projd.a(serial.o)
serial_init                                       /home/cody/Final_Project/lib_projd.a(serial.o)
                                                  /home/cody/Final_Project/lib_projd.a(uart.o)
serial_is_packet_ready                            /home/cody/Final_Project/lib_projd.a(serial.o)
                                                  /home/cody/Final_Project/lib_projd.a(uart.o)
serial_isconnected                                /home/cody/Final_Project/lib_projd.a(serial.o)
                                                  /home/cody/Final_Project/lib_projd.a(uart.o)
serial_popchar                                    /home/cody/Final_Project/lib_projd.a(serial.o)
                                                  /home/cody/Final_Project/lib_projd.a(uart.o)
                                                  /home/cody/Final_Project/lib_projd.a(signature.o)
serial_rxchars                                    /home/cody/Final_Project/lib_projd.a(serial.o)
                                                  /home/cody/Final_Project/lib_projd.a(uart.o)
                                                  /home/cody/Final_Project/lib_projd.a(signature.o)
serial_writechar                                  /home/cody/Final_Project/lib_projd.a(serial.o)
                                                  /home/cody/Final_Project/lib_projd.a(uart.o)
serial_writestr                                   /home/cody/Final_Project/lib_projd.a(serial.o)
serial_writestr_P                                 /home/cody/Final_Project/lib_projd.a(serial.o)
signature_set                                     /home/cody/Final_Project/lib_projd.a(signature.o)
                                                  obj/Debug/main.o
siminfo_cpufrequency                              /home/cody/Final_Project/lib_projd.a(uart.o)
siminfo_device                                    /home/cody/Final_Project/lib_projd.a(uart.o)
siminfo_serial_in                                 /home/cody/Final_Project/lib_projd.a(uart.o)
siminfo_serial_out                                /home/cody/Final_Project/lib_projd.a(uart.o)
socket_close                                      /home/cody/Final_Project/lib_projd.a(socket.o)
socket_connect                                    /home/cody/Final_Project/lib_projd.a(socket.o)
socket_disconnect                                 /home/cody/Final_Project/lib_projd.a(socket.o)
                                                  obj/Debug/main.o
socket_flush_line                                 /home/cody/Final_Project/lib_projd.a(socket.o)
                                                  obj/Debug/main.o
socket_igmpsend                                   /home/cody/Final_Project/lib_projd.a(socket.o)
socket_is_active                                  /home/cody/Final_Project/lib_projd.a(socket.o)
socket_is_blank_line                              /home/cody/Final_Project/lib_projd.a(socket.o)
                                                  obj/Debug/main.o
socket_is_closed                                  /home/cody/Final_Project/lib_projd.a(socket.o)
                                                  obj/Debug/main.o
socket_is_established                             /home/cody/Final_Project/lib_projd.a(socket.o)
                                                  obj/Debug/main.o
socket_is_listening                               /home/cody/Final_Project/lib_projd.a(socket.o)
                                                  obj/Debug/main.o
socket_listen                                     /home/cody/Final_Project/lib_projd.a(socket.o)
                                                  obj/Debug/main.o
socket_open                                       /home/cody/Final_Project/lib_projd.a(socket.o)
                                                  obj/Debug/main.o
socket_peek                                       /home/cody/Final_Project/lib_projd.a(socket.o)
socket_received_line                              /home/cody/Final_Project/lib_projd.a(socket.o)
                                                  obj/Debug/main.o
socket_recv                                       /home/cody/Final_Project/lib_projd.a(socket.o)
socket_recv_available                             /home/cody/Final_Project/lib_projd.a(socket.o)
                                                  obj/Debug/main.o
socket_recv_compare                               /home/cody/Final_Project/lib_projd.a(socket.o)
                                                  obj/Debug/main.o
socket_recv_int                                   /home/cody/Final_Project/lib_projd.a(socket.o)
socket_send                                       /home/cody/Final_Project/lib_projd.a(socket.o)
socket_write_macaddress                           /home/cody/Final_Project/lib_projd.a(socket.o)
                                                  obj/Debug/main.o
socket_writechar                                  /home/cody/Final_Project/lib_projd.a(socket.o)
                                                  obj/Debug/main.o
socket_writedate                                  /home/cody/Final_Project/lib_projd.a(socket.o)
                                                  obj/Debug/main.o
socket_writedec32                                 /home/cody/Final_Project/lib_projd.a(socket.o)
                                                  obj/Debug/main.o
socket_writehex16                                 /home/cody/Final_Project/lib_projd.a(socket.o)
socket_writehex8                                  /home/cody/Final_Project/lib_projd.a(socket.o)
socket_writequotedstring                          /home/cody/Final_Project/lib_projd.a(socket.o)
                                                  obj/Debug/main.o
socket_writestr                                   /home/cody/Final_Project/lib_projd.a(socket.o)
                                                  obj/Debug/main.o
spi_begin_transfer                                /home/cody/Final_Project/lib_projd.a(spi.o)
                                                  /home/cody/Final_Project/lib_projd.a(w5x00.o)
spi_end_transfer                                  /home/cody/Final_Project/lib_projd.a(spi.o)
                                                  /home/cody/Final_Project/lib_projd.a(w5x00.o)
spi_init                                          /home/cody/Final_Project/lib_projd.a(spi.o)
                                                  obj/Debug/main.o
spi_is_locked                                     /home/cody/Final_Project/lib_projd.a(spi.o)
spi_transfer                                      /home/cody/Final_Project/lib_projd.a(spi.o)
                                                  /home/cody/Final_Project/lib_projd.a(w5x00.o)
str_cmp                                           /home/cody/Final_Project/lib_projd.a(util.o)
                                                  /home/cody/Final_Project/lib_projd.a(signature.o)
str_cpy                                           /home/cody/Final_Project/lib_projd.a(str.o)
                                                  /home/cody/Final_Project/lib_projd.a(rtc.o)
                                                  /home/cody/Final_Project/lib_projd.a(Dhcp.o)
str_len                                           /home/cody/Final_Project/lib_projd.a(str.o)
                                                  /home/cody/Final_Project/lib_projd.a(socket.o)
                                                  /home/cody/Final_Project/lib_projd.a(Dhcp.o)
                                                  /home/cody/Final_Project/lib_projd.a(alarm.o)
str_writeudec16                                   /home/cody/Final_Project/lib_projd.a(str.o)
                                                  /home/cody/Final_Project/lib_projd.a(rtc.o)
strtoi                                            /home/cody/Final_Project/lib_projd.a(util.o)
temp_get                                          /home/cody/Final_Project/lib_projd.a(temp.o)
                                                  obj/Debug/main.o
temp_init                                         /home/cody/Final_Project/lib_projd.a(temp.o)
                                                  obj/Debug/main.o
temp_is_data_ready                                /home/cody/Final_Project/lib_projd.a(temp.o)
temp_start                                        /home/cody/Final_Project/lib_projd.a(temp.o)
                                                  obj/Debug/main.o
tempfsm_init                                      /home/cody/Final_Project/lib_projd.a(tempfsm.o)
                                                  obj/Debug/main.o
tempfsm_reset                                     /home/cody/Final_Project/lib_projd.a(tempfsm.o)
tempfsm_update                                    /home/cody/Final_Project/lib_projd.a(tempfsm.o)
                                                  obj/Debug/main.o
timer1_clear                                      /home/cody/Final_Project/lib_projd.a(timer1.o)
                                                  /home/cody/Final_Project/lib_projd.a(rtc.o)
timer1_get                                        /home/cody/Final_Project/lib_projd.a(timer1.o)
                                                  /home/cody/Final_Project/lib_projd.a(rtc.o)
timer1_init                                       /home/cody/Final_Project/lib_projd.a(timer1.o)
                                                  /home/cody/Final_Project/lib_projd.a(rtc.o)
txbuf                                             /home/cody/Final_Project/lib_projd.a(serial.o)
txhead                                            /home/cody/Final_Project/lib_projd.a(serial.o)
txtail                                            /home/cody/Final_Project/lib_projd.a(serial.o)
uart_init                                         /home/cody/Final_Project/lib_projd.a(uart.o)
                                                  obj/Debug/main.o
uart_is_connected                                 /home/cody/Final_Project/lib_projd.a(uart.o)
uart_is_packet_available                          /home/cody/Final_Project/lib_projd.a(uart.o)